Removed Pin From Net: NetName=MISO2_P Pin=J1-A2
Removed Pin From Net: NetName=MISO2_N Pin=J1-A3
Removed Pin From Net: NetName=C\S\_P Pin=J1-A6
Removed Pin From Net: NetName=C\S\_N Pin=J1-A7
Removed Pin From Net: NetName=MOSI_N Pin=J1-A10
Removed Pin From Net: NetName=MOSI_P Pin=J1-A11
Removed Pin From Net: NetName=MISO1_P Pin=J1-B2
Removed Pin From Net: NetName=MISO1_N Pin=J1-B3
Removed Pin From Net: NetName=SCLK_N Pin=J1-B10
Removed Pin From Net: NetName=SCLK_P Pin=J1-B11
Added Pin To Net: NetName=C\S\_N Pin=J1-A2
Added Pin To Net: NetName=C\S\_P Pin=J1-A3
Added Pin To Net: NetName=SCLK_N Pin=J1-A6
Added Pin To Net: NetName=SCLK_P Pin=J1-A7
Added Pin To Net: NetName=MOSI_P Pin=J1-A10
Added Pin To Net: NetName=MOSI_N Pin=J1-A11
Added Pin To Net: NetName=MISO2_N Pin=J1-B2
Added Pin To Net: NetName=MISO2_P Pin=J1-B3
Added Pin To Net: NetName=MISO1_P Pin=J1-B10
Added Pin To Net: NetName=MISO1_N Pin=J1-B11
