Added Component: Designator=U1(RHD2164_BGA)
Add component (AddParameter): Name = "DeviceName"; Value = "_BGA"; VariantName = "[No Variations]"
Add component (AddParameter): Name = "DeviceSetName"; Value = "RHD2164_BGA"; VariantName = "[No Variations]"
Add component (AddParameter): Name = "GateName_1"; Value = "A"; VariantName = "[No Variations]"
Add component (AddParameter): Name = "LibraryName"; Value = "RHD2000"; VariantName = "[No Variations]"
Add component (AddParameter): Name = "Package"; Value = "BGA104_9X7"; VariantName = "[No Variations]"
Add component (AddParameter): Name = "SymbolName_1"; Value = "RHD2164_BGA"; VariantName = "[No Variations]"
Added Pin To Net: NetName=INPUT_17 Pin=U1-A1
Added Pin To Net: NetName=INPUT_19 Pin=U1-A2
Added Pin To Net: NetName=INPUT_21 Pin=U1-A3
Added Pin To Net: NetName=INPUT_23 Pin=U1-A4
Added Pin To Net: NetName=INPUT_25 Pin=U1-A5
Added Pin To Net: NetName=INPUT_27 Pin=U1-A6
Added Pin To Net: NetName=INPUT_29 Pin=U1-A7
Added Pin To Net: NetName=INPUT_31 Pin=U1-A8
Added Pin To Net: NetName=INPUT_33 Pin=U1-A9
Added Pin To Net: NetName=INPUT_34 Pin=U1-A10
Added Pin To Net: NetName=INPUT_36 Pin=U1-A11
Added Pin To Net: NetName=INPUT_38 Pin=U1-A12
Added Pin To Net: NetName=INPUT_40 Pin=U1-A13
Added Pin To Net: NetName=INPUT_42 Pin=U1-A14
Added Pin To Net: NetName=INPUT_44 Pin=U1-A15
Added Pin To Net: NetName=INPUT_46 Pin=U1-A16
Added Pin To Net: NetName=INPUT_48 Pin=U1-A17
Added Pin To Net: NetName=INPUT_16 Pin=U1-B1
Added Pin To Net: NetName=INPUT_18 Pin=U1-B2
Added Pin To Net: NetName=INPUT_20 Pin=U1-B3
Added Pin To Net: NetName=INPUT_22 Pin=U1-B4
Added Pin To Net: NetName=INPUT_24 Pin=U1-B5
Added Pin To Net: NetName=INPUT_26 Pin=U1-B6
Added Pin To Net: NetName=INPUT_28 Pin=U1-B7
Added Pin To Net: NetName=INPUT_30 Pin=U1-B8
Added Pin To Net: NetName=INPUT_32 Pin=U1-B9
Added Pin To Net: NetName=INPUT_35 Pin=U1-B10
Added Pin To Net: NetName=INPUT_37 Pin=U1-B11
Added Pin To Net: NetName=INPUT_39 Pin=U1-B12
Added Pin To Net: NetName=INPUT_41 Pin=U1-B13
Added Pin To Net: NetName=INPUT_43 Pin=U1-B14
Added Pin To Net: NetName=INPUT_45 Pin=U1-B15
Added Pin To Net: NetName=INPUT_47 Pin=U1-B16
Added Pin To Net: NetName=INPUT_49 Pin=U1-B17
Added Pin To Net: NetName=INPUT_14 Pin=U1-C1
Added Pin To Net: NetName=INPUT_15 Pin=U1-C2
Added Pin To Net: NetName=INPUT_50 Pin=U1-C16
Added Pin To Net: NetName=INPUT_51 Pin=U1-C17
Added Pin To Net: NetName=INPUT_12 Pin=U1-D1
Added Pin To Net: NetName=INPUT_13 Pin=U1-D2
Added Pin To Net: NetName=INPUT_52 Pin=U1-D16
Added Pin To Net: NetName=INPUT_53 Pin=U1-D17
Added Pin To Net: NetName=INPUT_10 Pin=U1-E1
Added Pin To Net: NetName=INPUT_11 Pin=U1-E2
Added Pin To Net: NetName=INPUT_54 Pin=U1-E16
Added Pin To Net: NetName=INPUT_55 Pin=U1-E17
Added Pin To Net: NetName=INPUT_08 Pin=U1-F1
Added Pin To Net: NetName=INPUT_09 Pin=U1-F2
Added Pin To Net: NetName=INPUT_56 Pin=U1-F16
Added Pin To Net: NetName=INPUT_57 Pin=U1-F17
Added Pin To Net: NetName=INPUT_06 Pin=U1-G1
Added Pin To Net: NetName=INPUT_07 Pin=U1-G2
Added Pin To Net: NetName=INPUT_58 Pin=U1-G16
Added Pin To Net: NetName=INPUT_59 Pin=U1-G17
Added Pin To Net: NetName=INPUT_04 Pin=U1-H1
Added Pin To Net: NetName=INPUT_05 Pin=U1-H2
Added Pin To Net: NetName=INPUT_60 Pin=U1-H16
Added Pin To Net: NetName=INPUT_61 Pin=U1-H17
Added Pin To Net: NetName=INPUT_02 Pin=U1-J1
Added Pin To Net: NetName=INPUT_03 Pin=U1-J2
Added Pin To Net: NetName=INPUT_62 Pin=U1-J16
Added Pin To Net: NetName=INPUT_63 Pin=U1-J17
Added Pin To Net: NetName=GND Pin=U1-K1
Added Pin To Net: NetName=INPUT_01 Pin=U1-K2
Added Pin To Net: NetName=INPUT_64 Pin=U1-K16
Added Pin To Net: NetName=GND Pin=U1-K17
Added Pin To Net: NetName=GND Pin=U1-L1
Added Pin To Net: NetName=GND Pin=U1-L2
Added Pin To Net: NetName=GND Pin=U1-L16
Added Pin To Net: NetName=REF Pin=U1-M1
Added Pin To Net: NetName=GND Pin=U1-M2
Added Pin To Net: NetName=GND Pin=U1-M3
Added Pin To Net: NetName=GND Pin=U1-M4
Added Pin To Net: NetName=GND Pin=U1-M5
Added Pin To Net: NetName=GND Pin=U1-M6
Added Pin To Net: NetName=GND Pin=U1-M7
Added Pin To Net: NetName=GND Pin=U1-M8
Added Pin To Net: NetName=GND Pin=U1-M9
Added Pin To Net: NetName=GND Pin=U1-M10
Added Pin To Net: NetName=GND Pin=U1-M11
Added Pin To Net: NetName=GND Pin=U1-M12
Added Pin To Net: NetName=GND Pin=U1-M13
Added Pin To Net: NetName=GND Pin=U1-M14
Added Pin To Net: NetName=VCC Pin=U1-M15
Added Pin To Net: NetName=VCC Pin=U1-M16
Added Pin To Net: NetName=GND Pin=U1-M17
Added Pin To Net: NetName=GND Pin=U1-N1
Added Pin To Net: NetName=VCC Pin=U1-N2
Added Pin To Net: NetName=VCC Pin=U1-N3
Added Pin To Net: NetName=VCC Pin=U1-N4
Added Pin To Net: NetName=VCC Pin=U1-N5
Added Pin To Net: NetName=GND Pin=U1-N6
Added Pin To Net: NetName=RHD2216_CSN_- Pin=U1-N7
Added Pin To Net: NetName=RHD2216_CSN_+ Pin=U1-N8
Added Pin To Net: NetName=RHD2216_SCLK_- Pin=U1-N9
Added Pin To Net: NetName=RHD2216_SCLK_+ Pin=U1-N10
Added Pin To Net: NetName=RHD2216_MOSI_- Pin=U1-N11
Added Pin To Net: NetName=RHD2216_MOSI_+ Pin=U1-N12
Added Pin To Net: NetName=RHD2216_MISO_- Pin=U1-N13
Added Pin To Net: NetName=RHD2216_MISO_+ Pin=U1-N14
Added Pin To Net: NetName=VCC Pin=U1-N15
Added Pin To Net: NetName=NetC2_1 Pin=C2-1
Added Pin To Net: NetName=NetC2_1 Pin=U1-N17
Added Net: Name=NetC2_1
Added Member To Class: ClassName=RHD2164_USBC Member=Component U1 Intan Technologies RHD2164 chip, BGA package (9x7mm 104-pin)
