Change Component Comment : Designator=R7_A Old Comment=Value New Comment=100R
Change Component Comment : Designator=R7_B Old Comment=Value New Comment=100R
Change Component Comment : Designator=R7_C Old Comment=Value New Comment=100R
Change Component Comment : Designator=R7_D Old Comment=Value New Comment=100R
Change Component Comment : Designator=R7_E Old Comment=Value New Comment=100R
Change Component Comment : Designator=R7_F Old Comment=Value New Comment=100R
Change Component Comment : Designator=R7_G Old Comment=Value New Comment=100R
Change Component Comment : Designator=R7_H Old Comment=Value New Comment=100R
Change Component Comment : Designator=R8_A Old Comment=Value New Comment=100R
Change Component Comment : Designator=R8_B Old Comment=Value New Comment=100R
Change Component Comment : Designator=R8_C Old Comment=Value New Comment=100R
Change Component Comment : Designator=R8_D Old Comment=Value New Comment=100R
Change Component Comment : Designator=R8_E Old Comment=Value New Comment=100R
Change Component Comment : Designator=R8_F Old Comment=Value New Comment=100R
Change Component Comment : Designator=R8_G Old Comment=Value New Comment=100R
Change Component Comment : Designator=R8_H Old Comment=Value New Comment=100R
Change Component Comment : Designator=R9_A Old Comment=Value New Comment=100R
Change Component Comment : Designator=R9_B Old Comment=Value New Comment=100R
Change Component Comment : Designator=R9_C Old Comment=Value New Comment=100R
Change Component Comment : Designator=R9_D Old Comment=Value New Comment=100R
Change Component Comment : Designator=R9_E Old Comment=Value New Comment=100R
Change Component Comment : Designator=R9_F Old Comment=Value New Comment=100R
Change Component Comment : Designator=R9_G Old Comment=Value New Comment=100R
Change Component Comment : Designator=R9_H Old Comment=Value New Comment=100R
Change Component Comment : Designator=R11_A Old Comment=Value New Comment=100R
Change Component Comment : Designator=R11_B Old Comment=Value New Comment=100R
Change Component Comment : Designator=R11_C Old Comment=Value New Comment=100R
Change Component Comment : Designator=R11_D Old Comment=Value New Comment=100R
Change Component Comment : Designator=R11_E Old Comment=Value New Comment=100R
Change Component Comment : Designator=R11_F Old Comment=Value New Comment=100R
Change Component Comment : Designator=R11_G Old Comment=Value New Comment=100R
Change Component Comment : Designator=R11_H Old Comment=Value New Comment=100R
Change Component Comment : Designator=R12_A Old Comment=Value New Comment=100R
Change Component Comment : Designator=R12_B Old Comment=Value New Comment=100R
Change Component Comment : Designator=R12_C Old Comment=Value New Comment=100R
Change Component Comment : Designator=R12_D Old Comment=Value New Comment=100R
Change Component Comment : Designator=R12_E Old Comment=Value New Comment=100R
Change Component Comment : Designator=R12_F Old Comment=Value New Comment=100R
Change Component Comment : Designator=R12_G Old Comment=Value New Comment=100R
Change Component Comment : Designator=R12_H Old Comment=Value New Comment=100R
Added Member To Class: ClassName=H Member=Component R11_H (R11) 100R
Added Member To Class: ClassName=A Member=Component R12_A (R12) 100R
Added Member To Class: ClassName=D Member=Component R12_D (R12) 100R
Added Member To Class: ClassName=G Member=Component R12_G (R12) 100R
