Change Physical Footprint: Designator=C1 Old Footprint=0805_CAPACITOR New Footprint=0805_CAPACITOR
Change Physical Footprint: Designator=C2 Old Footprint=0603_CAPACITOR New Footprint=0603_CAPACITOR
Change Physical Footprint: Designator=C3 Old Footprint=0603_CAPACITOR New Footprint=0603_CAPACITOR
Change Physical Footprint: Designator=C6_A Old Footprint=0603_CAPACITOR New Footprint=0603_CAPACITOR
Change Physical Footprint: Designator=C6_B Old Footprint=0603_CAPACITOR New Footprint=0603_CAPACITOR
Change Physical Footprint: Designator=C6_C Old Footprint=0603_CAPACITOR New Footprint=0603_CAPACITOR
Change Physical Footprint: Designator=C6_D Old Footprint=0603_CAPACITOR New Footprint=0603_CAPACITOR
Change Physical Footprint: Designator=C6_E Old Footprint=0603_CAPACITOR New Footprint=0603_CAPACITOR
Change Physical Footprint: Designator=C6_F Old Footprint=0603_CAPACITOR New Footprint=0603_CAPACITOR
Change Physical Footprint: Designator=C6_G Old Footprint=0603_CAPACITOR New Footprint=0603_CAPACITOR
Change Physical Footprint: Designator=C6_H Old Footprint=0603_CAPACITOR New Footprint=0603_CAPACITOR
Change Physical Footprint: Designator=C7_A Old Footprint=0603_CAPACITOR New Footprint=0603_CAPACITOR
Change Physical Footprint: Designator=C7_B Old Footprint=0603_CAPACITOR New Footprint=0603_CAPACITOR
Change Physical Footprint: Designator=C7_C Old Footprint=0603_CAPACITOR New Footprint=0603_CAPACITOR
Change Physical Footprint: Designator=C7_D Old Footprint=0603_CAPACITOR New Footprint=0603_CAPACITOR
Change Physical Footprint: Designator=C7_E Old Footprint=0603_CAPACITOR New Footprint=0603_CAPACITOR
Change Physical Footprint: Designator=C7_F Old Footprint=0603_CAPACITOR New Footprint=0603_CAPACITOR
Change Physical Footprint: Designator=C7_G Old Footprint=0603_CAPACITOR New Footprint=0603_CAPACITOR
Change Physical Footprint: Designator=C7_H Old Footprint=0603_CAPACITOR New Footprint=0603_CAPACITOR
Change Physical Footprint: Designator=C8_A Old Footprint=0603_CAPACITOR New Footprint=0603_CAPACITOR
Change Physical Footprint: Designator=C8_B Old Footprint=0603_CAPACITOR New Footprint=0603_CAPACITOR
Change Physical Footprint: Designator=C8_C Old Footprint=0603_CAPACITOR New Footprint=0603_CAPACITOR
Change Physical Footprint: Designator=C8_D Old Footprint=0603_CAPACITOR New Footprint=0603_CAPACITOR
Change Physical Footprint: Designator=C8_E Old Footprint=0603_CAPACITOR New Footprint=0603_CAPACITOR
Change Physical Footprint: Designator=C8_F Old Footprint=0603_CAPACITOR New Footprint=0603_CAPACITOR
Change Physical Footprint: Designator=C8_G Old Footprint=0603_CAPACITOR New Footprint=0603_CAPACITOR
Change Physical Footprint: Designator=C8_H Old Footprint=0603_CAPACITOR New Footprint=0603_CAPACITOR
Change Physical Footprint: Designator=C9_A Old Footprint=0603_CAPACITOR New Footprint=0603_CAPACITOR
Change Physical Footprint: Designator=C9_B Old Footprint=0603_CAPACITOR New Footprint=0603_CAPACITOR
Change Physical Footprint: Designator=C9_C Old Footprint=0603_CAPACITOR New Footprint=0603_CAPACITOR
Change Physical Footprint: Designator=C9_D Old Footprint=0603_CAPACITOR New Footprint=0603_CAPACITOR
Change Physical Footprint: Designator=C9_E Old Footprint=0603_CAPACITOR New Footprint=0603_CAPACITOR
Change Physical Footprint: Designator=C9_F Old Footprint=0603_CAPACITOR New Footprint=0603_CAPACITOR
Change Physical Footprint: Designator=C9_G Old Footprint=0603_CAPACITOR New Footprint=0603_CAPACITOR
Change Physical Footprint: Designator=C9_H Old Footprint=0603_CAPACITOR New Footprint=0603_CAPACITOR
Change Physical Footprint: Designator=C10_A Old Footprint=0603_CAPACITOR New Footprint=0603_CAPACITOR
Change Physical Footprint: Designator=C10_B Old Footprint=0603_CAPACITOR New Footprint=0603_CAPACITOR
Change Physical Footprint: Designator=C10_C Old Footprint=0603_CAPACITOR New Footprint=0603_CAPACITOR
Change Physical Footprint: Designator=C10_D Old Footprint=0603_CAPACITOR New Footprint=0603_CAPACITOR
Change Physical Footprint: Designator=C10_E Old Footprint=0603_CAPACITOR New Footprint=0603_CAPACITOR
Change Physical Footprint: Designator=C10_F Old Footprint=0603_CAPACITOR New Footprint=0603_CAPACITOR
Change Physical Footprint: Designator=C10_G Old Footprint=0603_CAPACITOR New Footprint=0603_CAPACITOR
Change Physical Footprint: Designator=C10_H Old Footprint=0603_CAPACITOR New Footprint=0603_CAPACITOR
Change Physical Footprint: Designator=C11_A Old Footprint=0603_CAPACITOR New Footprint=0603_CAPACITOR
Change Physical Footprint: Designator=C11_B Old Footprint=0603_CAPACITOR New Footprint=0603_CAPACITOR
Change Physical Footprint: Designator=C11_C Old Footprint=0603_CAPACITOR New Footprint=0603_CAPACITOR
Change Physical Footprint: Designator=C11_D Old Footprint=0603_CAPACITOR New Footprint=0603_CAPACITOR
Change Physical Footprint: Designator=C11_E Old Footprint=0603_CAPACITOR New Footprint=0603_CAPACITOR
Change Physical Footprint: Designator=C11_F Old Footprint=0603_CAPACITOR New Footprint=0603_CAPACITOR
Change Physical Footprint: Designator=C11_G Old Footprint=0603_CAPACITOR New Footprint=0603_CAPACITOR
Change Physical Footprint: Designator=C11_H Old Footprint=0603_CAPACITOR New Footprint=0603_CAPACITOR
Change Physical Footprint: Designator=D1_A Old Footprint=LED_APT1608LZGCK New Footprint=LED_APT1608LZGCK
Change Physical Footprint: Designator=D1_B Old Footprint=LED_APT1608LZGCK New Footprint=LED_APT1608LZGCK
Change Physical Footprint: Designator=D1_C Old Footprint=LED_APT1608LZGCK New Footprint=LED_APT1608LZGCK
Change Physical Footprint: Designator=D1_D Old Footprint=LED_APT1608LZGCK New Footprint=LED_APT1608LZGCK
Change Physical Footprint: Designator=D1_E Old Footprint=LED_APT1608LZGCK New Footprint=LED_APT1608LZGCK
Change Physical Footprint: Designator=D1_F Old Footprint=LED_APT1608LZGCK New Footprint=LED_APT1608LZGCK
Change Physical Footprint: Designator=D1_G Old Footprint=LED_APT1608LZGCK New Footprint=LED_APT1608LZGCK
Change Physical Footprint: Designator=D1_H Old Footprint=LED_APT1608LZGCK New Footprint=LED_APT1608LZGCK
Change Physical Footprint: Designator=J1 Old Footprint=SAMTEC_BTE-040-01-F-D-A New Footprint=SAMTEC_BTE-040-01-F-D-A
Change Physical Footprint: Designator=J2 Old Footprint=SAMTEC_SSW-120-01-F-D New Footprint=SAMTEC_SSW-120-01-F-D
Change Physical Footprint: Designator=J3 Old Footprint=SAMTEC_SSW-120-01-F-D New Footprint=SAMTEC_SSW-120-01-F-D
Change Physical Footprint: Designator=J4 Old Footprint=SAMTEC_SSW-120-01-F-D New Footprint=SAMTEC_SSW-120-01-F-D
Change Physical Footprint: Designator=J6 Old Footprint=SAMTEC_BTE-040-01-F-D-A New Footprint=SAMTEC_BTE-040-01-F-D-A
Change Physical Footprint: Designator=J9 Old Footprint=CUI_PJ-102AH New Footprint=CUI_PJ-102AH
Change Physical Footprint: Designator=J10_A Old Footprint=FP-217183-0001-MFG New Footprint=FP-217183-0001-MFG
Change Physical Footprint: Designator=J10_B Old Footprint=FP-217183-0001-MFG New Footprint=FP-217183-0001-MFG
Change Physical Footprint: Designator=J10_C Old Footprint=FP-217183-0001-MFG New Footprint=FP-217183-0001-MFG
Change Physical Footprint: Designator=J10_D Old Footprint=FP-217183-0001-MFG New Footprint=FP-217183-0001-MFG
Change Physical Footprint: Designator=J10_E Old Footprint=FP-217183-0001-MFG New Footprint=FP-217183-0001-MFG
Change Physical Footprint: Designator=J10_F Old Footprint=FP-217183-0001-MFG New Footprint=FP-217183-0001-MFG
Change Physical Footprint: Designator=J10_G Old Footprint=FP-217183-0001-MFG New Footprint=FP-217183-0001-MFG
Change Physical Footprint: Designator=J10_H Old Footprint=FP-217183-0001-MFG New Footprint=FP-217183-0001-MFG
Change Physical Footprint: Designator=R2 Old Footprint=0603_RESISTOR New Footprint=0603_RESISTOR
Change Physical Footprint: Designator=R3 Old Footprint=0603_RESISTOR New Footprint=0603_RESISTOR
Change Physical Footprint: Designator=R4 Old Footprint=0603_RESISTOR New Footprint=0603_RESISTOR
Change Physical Footprint: Designator=R5 Old Footprint=0603_RESISTOR New Footprint=0603_RESISTOR
Change Physical Footprint: Designator=R6_A Old Footprint=0603_RESISTOR New Footprint=0603_RESISTOR
Change Physical Footprint: Designator=R6_B Old Footprint=0603_RESISTOR New Footprint=0603_RESISTOR
Change Physical Footprint: Designator=R6_C Old Footprint=0603_RESISTOR New Footprint=0603_RESISTOR
Change Physical Footprint: Designator=R6_D Old Footprint=0603_RESISTOR New Footprint=0603_RESISTOR
Change Physical Footprint: Designator=R6_E Old Footprint=0603_RESISTOR New Footprint=0603_RESISTOR
Change Physical Footprint: Designator=R6_F Old Footprint=0603_RESISTOR New Footprint=0603_RESISTOR
Change Physical Footprint: Designator=R6_G Old Footprint=0603_RESISTOR New Footprint=0603_RESISTOR
Change Physical Footprint: Designator=R6_H Old Footprint=0603_RESISTOR New Footprint=0603_RESISTOR
Change Physical Footprint: Designator=R7_A Old Footprint=0603_RESISTOR New Footprint=0603_RESISTOR
Change Physical Footprint: Designator=R7_B Old Footprint=0603_RESISTOR New Footprint=0603_RESISTOR
Change Physical Footprint: Designator=R7_C Old Footprint=0603_RESISTOR New Footprint=0603_RESISTOR
Change Physical Footprint: Designator=R7_D Old Footprint=0603_RESISTOR New Footprint=0603_RESISTOR
Change Physical Footprint: Designator=R7_E Old Footprint=0603_RESISTOR New Footprint=0603_RESISTOR
Change Physical Footprint: Designator=R7_F Old Footprint=0603_RESISTOR New Footprint=0603_RESISTOR
Change Physical Footprint: Designator=R7_G Old Footprint=0603_RESISTOR New Footprint=0603_RESISTOR
Change Physical Footprint: Designator=R7_H Old Footprint=0603_RESISTOR New Footprint=0603_RESISTOR
Change Physical Footprint: Designator=R8_A Old Footprint=0402_Resistor New Footprint=0402_Resistor
Change Physical Footprint: Designator=R8_B Old Footprint=0402_Resistor New Footprint=0402_Resistor
Change Physical Footprint: Designator=R8_C Old Footprint=0402_Resistor New Footprint=0402_Resistor
Change Physical Footprint: Designator=R8_D Old Footprint=0402_Resistor New Footprint=0402_Resistor
Change Physical Footprint: Designator=R8_E Old Footprint=0402_Resistor New Footprint=0402_Resistor
Change Physical Footprint: Designator=R8_F Old Footprint=0402_Resistor New Footprint=0402_Resistor
Change Physical Footprint: Designator=R8_G Old Footprint=0402_Resistor New Footprint=0402_Resistor
Change Physical Footprint: Designator=R8_H Old Footprint=0402_Resistor New Footprint=0402_Resistor
Change Physical Footprint: Designator=R9_A Old Footprint=0402_Resistor New Footprint=0402_Resistor
Change Physical Footprint: Designator=R9_B Old Footprint=0402_Resistor New Footprint=0402_Resistor
Change Physical Footprint: Designator=R9_C Old Footprint=0402_Resistor New Footprint=0402_Resistor
Change Physical Footprint: Designator=R9_D Old Footprint=0402_Resistor New Footprint=0402_Resistor
Change Physical Footprint: Designator=R9_E Old Footprint=0402_Resistor New Footprint=0402_Resistor
Change Physical Footprint: Designator=R9_F Old Footprint=0402_Resistor New Footprint=0402_Resistor
Change Physical Footprint: Designator=R9_G Old Footprint=0402_Resistor New Footprint=0402_Resistor
Change Physical Footprint: Designator=R9_H Old Footprint=0402_Resistor New Footprint=0402_Resistor
Change Physical Footprint: Designator=R10_A Old Footprint=0603_RESISTOR New Footprint=0603_RESISTOR
Change Physical Footprint: Designator=R10_B Old Footprint=0603_RESISTOR New Footprint=0603_RESISTOR
Change Physical Footprint: Designator=R10_C Old Footprint=0603_RESISTOR New Footprint=0603_RESISTOR
Change Physical Footprint: Designator=R10_D Old Footprint=0603_RESISTOR New Footprint=0603_RESISTOR
Change Physical Footprint: Designator=R10_E Old Footprint=0603_RESISTOR New Footprint=0603_RESISTOR
Change Physical Footprint: Designator=R10_F Old Footprint=0603_RESISTOR New Footprint=0603_RESISTOR
Change Physical Footprint: Designator=R10_G Old Footprint=0603_RESISTOR New Footprint=0603_RESISTOR
Change Physical Footprint: Designator=R10_H Old Footprint=0603_RESISTOR New Footprint=0603_RESISTOR
Change Physical Footprint: Designator=S1 Old Footprint=SW_DS04-254-2-04BK-SMT-TR New Footprint=SW_DS04-254-2-04BK-SMT-TR
Change Physical Footprint: Designator=U1_A Old Footprint=TTSOP_16 New Footprint=TTSOP_16
Change Physical Footprint: Designator=U1_B Old Footprint=TTSOP_16 New Footprint=TTSOP_16
Change Physical Footprint: Designator=U1_C Old Footprint=TTSOP_16 New Footprint=TTSOP_16
Change Physical Footprint: Designator=U1_D Old Footprint=TTSOP_16 New Footprint=TTSOP_16
Change Physical Footprint: Designator=U1_E Old Footprint=TTSOP_16 New Footprint=TTSOP_16
Change Physical Footprint: Designator=U1_F Old Footprint=TTSOP_16 New Footprint=TTSOP_16
Change Physical Footprint: Designator=U1_G Old Footprint=TTSOP_16 New Footprint=TTSOP_16
Change Physical Footprint: Designator=U1_H Old Footprint=TTSOP_16 New Footprint=TTSOP_16
Change Physical Footprint: Designator=U2_A Old Footprint=TTSOP_16 New Footprint=TTSOP_16
Change Physical Footprint: Designator=U2_B Old Footprint=TTSOP_16 New Footprint=TTSOP_16
Change Physical Footprint: Designator=U2_C Old Footprint=TTSOP_16 New Footprint=TTSOP_16
Change Physical Footprint: Designator=U2_D Old Footprint=TTSOP_16 New Footprint=TTSOP_16
Change Physical Footprint: Designator=U2_E Old Footprint=TTSOP_16 New Footprint=TTSOP_16
Change Physical Footprint: Designator=U2_F Old Footprint=TTSOP_16 New Footprint=TTSOP_16
Change Physical Footprint: Designator=U2_G Old Footprint=TTSOP_16 New Footprint=TTSOP_16
Change Physical Footprint: Designator=U2_H Old Footprint=TTSOP_16 New Footprint=TTSOP_16
