Added Component: Designator=C4(0603_CAPACITOR)
Added Component: Designator=J5_A(SMTC-TSW-103-07-X-S)
Added Component: Designator=J5_B(SMTC-TSW-103-07-X-S)
Added Component: Designator=J5_C(SMTC-TSW-103-07-X-S)
Added Component: Designator=J5_D(SMTC-TSW-103-07-X-S)
Added Component: Designator=J5_E(SMTC-TSW-103-07-X-S)
Added Component: Designator=J5_F(SMTC-TSW-103-07-X-S)
Added Component: Designator=J5_G(SMTC-TSW-103-07-X-S)
Added Component: Designator=J5_H(SMTC-TSW-103-07-X-S)
Added Component: Designator=R1(0603_RESISTOR)
Add component (AddParameter): Name = "Assembly Note"; Value = ""; VariantName = "[No Variations]"
Add component (AddParameter): Name = "Assembly Type"; Value = ""; VariantName = "[No Variations]"
Add component (AddParameter): Name = "CreatedBy/Date"; Value = ""; VariantName = "[No Variations]"
Add component (AddParameter): Name = "Current Rating"; Value = ""; VariantName = "[No Variations]"
Add component (AddParameter): Name = "GRAMS Lib Spec"; Value = "2.7"; VariantName = "[No Variations]"
Add component (AddParameter): Name = "HelpURL"; Value = ""; VariantName = "[No Variations]"
Add component (AddParameter): Name = "Magnetic Material"; Value = ""; VariantName = "[No Variations]"
Add component (AddParameter): Name = "Manufacturer #1"; Value = ""; VariantName = "[No Variations]"
Add component (AddParameter): Name = "Manufacturer #2"; Value = ""; VariantName = "[No Variations]"
Add component (AddParameter): Name = "Note"; Value = ""; VariantName = "[No Variations]"
Add component (AddParameter): Name = "Package"; Value = ""; VariantName = "[No Variations]"
Add component (AddParameter): Name = "Part Number #1"; Value = ""; VariantName = "[No Variations]"
Add component (AddParameter): Name = "Part Number #2"; Value = ""; VariantName = "[No Variations]"
Add component (AddParameter): Name = "Polarized"; Value = ""; VariantName = "[No Variations]"
Add component (AddParameter): Name = "Power Max"; Value = ""; VariantName = "[No Variations]"
Add component (AddParameter): Name = "Supplier 1"; Value = ""; VariantName = "[No Variations]"
Add component (AddParameter): Name = "Supplier Part Number 1"; Value = ""; VariantName = "[No Variations]"
Add component (AddParameter): Name = "Temperature"; Value = ""; VariantName = "[No Variations]"
Add component (AddParameter): Name = "Tolerance"; Value = ""; VariantName = "[No Variations]"
Add component (AddParameter): Name = "Value"; Value = ""; VariantName = "[No Variations]"
Add component (AddParameter): Name = "VerifiedBy"; Value = ""; VariantName = "[No Variations]"
Add component (AddParameter): Name = "Voltage Rating"; Value = ""; VariantName = "[No Variations]"
Added Component: Designator=R11(0603_RESISTOR)
Add component (AddParameter): Name = "Assembly Note"; Value = ""; VariantName = "[No Variations]"
Add component (AddParameter): Name = "Assembly Type"; Value = ""; VariantName = "[No Variations]"
Add component (AddParameter): Name = "CreatedBy/Date"; Value = ""; VariantName = "[No Variations]"
Add component (AddParameter): Name = "Current Rating"; Value = ""; VariantName = "[No Variations]"
Add component (AddParameter): Name = "GRAMS Lib Spec"; Value = "2.7"; VariantName = "[No Variations]"
Add component (AddParameter): Name = "HelpURL"; Value = ""; VariantName = "[No Variations]"
Add component (AddParameter): Name = "Magnetic Material"; Value = ""; VariantName = "[No Variations]"
Add component (AddParameter): Name = "Manufacturer #1"; Value = ""; VariantName = "[No Variations]"
Add component (AddParameter): Name = "Manufacturer #2"; Value = ""; VariantName = "[No Variations]"
Add component (AddParameter): Name = "Note"; Value = ""; VariantName = "[No Variations]"
Add component (AddParameter): Name = "Package"; Value = ""; VariantName = "[No Variations]"
Add component (AddParameter): Name = "Part Number #1"; Value = ""; VariantName = "[No Variations]"
Add component (AddParameter): Name = "Part Number #2"; Value = ""; VariantName = "[No Variations]"
Add component (AddParameter): Name = "Polarized"; Value = ""; VariantName = "[No Variations]"
Add component (AddParameter): Name = "Power Max"; Value = ""; VariantName = "[No Variations]"
Add component (AddParameter): Name = "Supplier 1"; Value = ""; VariantName = "[No Variations]"
Add component (AddParameter): Name = "Supplier Part Number 1"; Value = ""; VariantName = "[No Variations]"
Add component (AddParameter): Name = "Temperature"; Value = ""; VariantName = "[No Variations]"
Add component (AddParameter): Name = "Tolerance"; Value = ""; VariantName = "[No Variations]"
Add component (AddParameter): Name = "Value"; Value = ""; VariantName = "[No Variations]"
Add component (AddParameter): Name = "VerifiedBy"; Value = ""; VariantName = "[No Variations]"
Add component (AddParameter): Name = "Voltage Rating"; Value = ""; VariantName = "[No Variations]"
Added Component: Designator=R12(0603_RESISTOR)
Add component (AddParameter): Name = "Assembly Note"; Value = ""; VariantName = "[No Variations]"
Add component (AddParameter): Name = "Assembly Type"; Value = ""; VariantName = "[No Variations]"
Add component (AddParameter): Name = "CreatedBy/Date"; Value = ""; VariantName = "[No Variations]"
Add component (AddParameter): Name = "Current Rating"; Value = ""; VariantName = "[No Variations]"
Add component (AddParameter): Name = "GRAMS Lib Spec"; Value = "2.7"; VariantName = "[No Variations]"
Add component (AddParameter): Name = "HelpURL"; Value = ""; VariantName = "[No Variations]"
Add component (AddParameter): Name = "Magnetic Material"; Value = ""; VariantName = "[No Variations]"
Add component (AddParameter): Name = "Manufacturer #1"; Value = ""; VariantName = "[No Variations]"
Add component (AddParameter): Name = "Manufacturer #2"; Value = ""; VariantName = "[No Variations]"
Add component (AddParameter): Name = "Note"; Value = ""; VariantName = "[No Variations]"
Add component (AddParameter): Name = "Package"; Value = ""; VariantName = "[No Variations]"
Add component (AddParameter): Name = "Part Number #1"; Value = ""; VariantName = "[No Variations]"
Add component (AddParameter): Name = "Part Number #2"; Value = ""; VariantName = "[No Variations]"
Add component (AddParameter): Name = "Polarized"; Value = ""; VariantName = "[No Variations]"
Add component (AddParameter): Name = "Power Max"; Value = ""; VariantName = "[No Variations]"
Add component (AddParameter): Name = "Supplier 1"; Value = ""; VariantName = "[No Variations]"
Add component (AddParameter): Name = "Supplier Part Number 1"; Value = ""; VariantName = "[No Variations]"
Add component (AddParameter): Name = "Temperature"; Value = ""; VariantName = "[No Variations]"
Add component (AddParameter): Name = "Tolerance"; Value = ""; VariantName = "[No Variations]"
Add component (AddParameter): Name = "Value"; Value = ""; VariantName = "[No Variations]"
Add component (AddParameter): Name = "VerifiedBy"; Value = ""; VariantName = "[No Variations]"
Add component (AddParameter): Name = "Voltage Rating"; Value = ""; VariantName = "[No Variations]"
Added Component: Designator=U3(SOT-353)
Added Pin To Net: NetName=GND Pin=C4-1
Added Pin To Net: NetName=3V3 Pin=C4-2
Added Pin To Net: NetName=GND Pin=J5_A-3
Added Pin To Net: NetName=GND Pin=J5_B-3
Added Pin To Net: NetName=GND Pin=J5_C-3
Added Pin To Net: NetName=GND Pin=J5_D-3
Added Pin To Net: NetName=GND Pin=J5_E-3
Added Pin To Net: NetName=GND Pin=J5_F-3
Added Pin To Net: NetName=GND Pin=J5_G-3
Added Pin To Net: NetName=GND Pin=J5_H-3
Added Pin To Net: NetName=3V3 Pin=R1-1
Added Pin To Net: NetName=GND Pin=U3-2
Added Pin To Net: NetName=3V3 Pin=U3-5
Added Pin To Net: NetName=NetR1_2 Pin=R1-2
Added Pin To Net: NetName=NetR1_2 Pin=R12-1
Added Pin To Net: NetName=NetR1_2 Pin=U3-3
Added Net: Name=NetR1_2
Added Pin To Net: NetName=NetR11_1 Pin=R11-1
Added Pin To Net: NetName=NetR11_1 Pin=U3-1
Added Pin To Net: NetName=NetR11_1 Pin=U3-4
Added Net: Name=NetR11_1
Added Pin To Net: NetName=REF_A Pin=J5_A-2
Added Pin To Net: NetName=REF_A Pin=J10_A-A5
Added Pin To Net: NetName=REF_A Pin=J10_A-B5
Added Net: Name=REF_A
Added Pin To Net: NetName=REF_B Pin=J5_B-2
Added Pin To Net: NetName=REF_B Pin=J10_B-A5
Added Pin To Net: NetName=REF_B Pin=J10_B-B5
Added Net: Name=REF_B
Added Pin To Net: NetName=REF_C Pin=J5_C-2
Added Pin To Net: NetName=REF_C Pin=J10_C-A5
Added Pin To Net: NetName=REF_C Pin=J10_C-B5
Added Net: Name=REF_C
Added Pin To Net: NetName=REF_D Pin=J5_D-2
Added Pin To Net: NetName=REF_D Pin=J10_D-A5
Added Pin To Net: NetName=REF_D Pin=J10_D-B5
Added Net: Name=REF_D
Added Pin To Net: NetName=REF_E Pin=J5_E-2
Added Pin To Net: NetName=REF_E Pin=J10_E-A5
Added Pin To Net: NetName=REF_E Pin=J10_E-B5
Added Net: Name=REF_E
Added Pin To Net: NetName=REF_F Pin=J5_F-2
Added Pin To Net: NetName=REF_F Pin=J10_F-A5
Added Pin To Net: NetName=REF_F Pin=J10_F-B5
Added Net: Name=REF_F
Added Pin To Net: NetName=REF_G Pin=J5_G-2
Added Pin To Net: NetName=REF_G Pin=J10_G-A5
Added Pin To Net: NetName=REF_G Pin=J10_G-B5
Added Net: Name=REF_G
Added Pin To Net: NetName=REF_H Pin=J5_H-2
Added Pin To Net: NetName=REF_H Pin=J10_H-A5
Added Pin To Net: NetName=REF_H Pin=J10_H-B5
Added Net: Name=REF_H
Added Pin To Net: NetName=VREF Pin=J5_A-1
Added Pin To Net: NetName=VREF Pin=J5_B-1
Added Pin To Net: NetName=VREF Pin=J5_C-1
Added Pin To Net: NetName=VREF Pin=J5_D-1
Added Pin To Net: NetName=VREF Pin=J5_E-1
Added Pin To Net: NetName=VREF Pin=J5_F-1
Added Pin To Net: NetName=VREF Pin=J5_G-1
Added Pin To Net: NetName=VREF Pin=J5_H-1
Added Pin To Net: NetName=VREF Pin=R11-2
Added Net: Name=VREF
Added Member To Class: ClassName=U_Onboard_IO Member=Component C4 100n
Added Member To Class: ClassName=A Member=Component J5_A (J5) TSW-103-07-F-S
Added Member To Class: ClassName=B Member=Component J5_B (J5) TSW-103-07-F-S
Added Member To Class: ClassName=C Member=Component J5_C (J5) TSW-103-07-F-S
Added Member To Class: ClassName=D Member=Component J5_D (J5) TSW-103-07-F-S
Added Member To Class: ClassName=E Member=Component J5_E (J5) TSW-103-07-F-S
Added Member To Class: ClassName=F Member=Component J5_F (J5) TSW-103-07-F-S
Added Member To Class: ClassName=G Member=Component J5_G (J5) TSW-103-07-F-S
Added Member To Class: ClassName=H Member=Component J5_H (J5) TSW-103-07-F-S
Added Member To Class: ClassName=U_Onboard_IO Member=Component R1 10K0
Added Member To Class: ClassName=U_Onboard_IO Member=Component R11 TBD
Added Member To Class: ClassName=U_Onboard_IO Member=Component R12 10K0
Added Member To Class: ClassName=C Member=Component U2_C (U2) DS90LV048A
Added Member To Class: ClassName=U_Onboard_IO Member=Component U3 TLV9001
Added Rule: Name=Schematic Supply Nets
