Added Component: Designator=J1(CON_ZIF_RA_36POS)
Add component (AddParameter): Name = "Assembly Note"; Value = ""; VariantName = "[No Variations]"
Add component (AddParameter): Name = "Assembly Type"; Value = ""; VariantName = "[No Variations]"
Add component (AddParameter): Name = "CreatedBy/Date"; Value = ""; VariantName = "[No Variations]"
Add component (AddParameter): Name = "Current Rating"; Value = ""; VariantName = "[No Variations]"
Add component (AddParameter): Name = "GRAMS Lib Spec"; Value = "2.7"; VariantName = "[No Variations]"
Add component (AddParameter): Name = "HelpURL"; Value = ""; VariantName = "[No Variations]"
Add component (AddParameter): Name = "Magnetic Material"; Value = ""; VariantName = "[No Variations]"
Add component (AddParameter): Name = "Manufacturer #1"; Value = ""; VariantName = "[No Variations]"
Add component (AddParameter): Name = "Manufacturer #2"; Value = ""; VariantName = "[No Variations]"
Add component (AddParameter): Name = "Note"; Value = ""; VariantName = "[No Variations]"
Add component (AddParameter): Name = "Package"; Value = ""; VariantName = "[No Variations]"
Add component (AddParameter): Name = "Part Number #1"; Value = ""; VariantName = "[No Variations]"
Add component (AddParameter): Name = "Part Number #2"; Value = ""; VariantName = "[No Variations]"
Add component (AddParameter): Name = "Polarized"; Value = ""; VariantName = "[No Variations]"
Add component (AddParameter): Name = "Power Max"; Value = ""; VariantName = "[No Variations]"
Add component (AddParameter): Name = "Supplier 1"; Value = ""; VariantName = "[No Variations]"
Add component (AddParameter): Name = "Supplier Part Number 1"; Value = ""; VariantName = "[No Variations]"
Add component (AddParameter): Name = "Temperature"; Value = ""; VariantName = "[No Variations]"
Add component (AddParameter): Name = "Tolerance"; Value = ""; VariantName = "[No Variations]"
Add component (AddParameter): Name = "Value"; Value = ""; VariantName = "[No Variations]"
Add component (AddParameter): Name = "VerifiedBy"; Value = ""; VariantName = "[No Variations]"
Add component (AddParameter): Name = "Voltage Rating"; Value = ""; VariantName = "[No Variations]"
Added Component: Designator=J2(CON_ZIF_RA_36POS)
Add component (AddParameter): Name = "Assembly Note"; Value = ""; VariantName = "[No Variations]"
Add component (AddParameter): Name = "Assembly Type"; Value = ""; VariantName = "[No Variations]"
Add component (AddParameter): Name = "CreatedBy/Date"; Value = ""; VariantName = "[No Variations]"
Add component (AddParameter): Name = "Current Rating"; Value = ""; VariantName = "[No Variations]"
Add component (AddParameter): Name = "GRAMS Lib Spec"; Value = "2.7"; VariantName = "[No Variations]"
Add component (AddParameter): Name = "HelpURL"; Value = ""; VariantName = "[No Variations]"
Add component (AddParameter): Name = "Magnetic Material"; Value = ""; VariantName = "[No Variations]"
Add component (AddParameter): Name = "Manufacturer #1"; Value = ""; VariantName = "[No Variations]"
Add component (AddParameter): Name = "Manufacturer #2"; Value = ""; VariantName = "[No Variations]"
Add component (AddParameter): Name = "Note"; Value = ""; VariantName = "[No Variations]"
Add component (AddParameter): Name = "Package"; Value = ""; VariantName = "[No Variations]"
Add component (AddParameter): Name = "Part Number #1"; Value = ""; VariantName = "[No Variations]"
Add component (AddParameter): Name = "Part Number #2"; Value = ""; VariantName = "[No Variations]"
Add component (AddParameter): Name = "Polarized"; Value = ""; VariantName = "[No Variations]"
Add component (AddParameter): Name = "Power Max"; Value = ""; VariantName = "[No Variations]"
Add component (AddParameter): Name = "Supplier 1"; Value = ""; VariantName = "[No Variations]"
Add component (AddParameter): Name = "Supplier Part Number 1"; Value = ""; VariantName = "[No Variations]"
Add component (AddParameter): Name = "Temperature"; Value = ""; VariantName = "[No Variations]"
Add component (AddParameter): Name = "Tolerance"; Value = ""; VariantName = "[No Variations]"
Add component (AddParameter): Name = "Value"; Value = ""; VariantName = "[No Variations]"
Add component (AddParameter): Name = "VerifiedBy"; Value = ""; VariantName = "[No Variations]"
Add component (AddParameter): Name = "Voltage Rating"; Value = ""; VariantName = "[No Variations]"
Added Pin To Net: NetName=INPUT_02 Pin=J1-1
Added Pin To Net: NetName=INPUT_04 Pin=J1-2
Added Pin To Net: NetName=INPUT_06 Pin=J1-3
Added Pin To Net: NetName=INPUT_08 Pin=J1-4
Added Pin To Net: NetName=INPUT_10 Pin=J1-5
Added Pin To Net: NetName=INPUT_12 Pin=J1-6
Added Pin To Net: NetName=INPUT_14 Pin=J1-7
Added Pin To Net: NetName=INPUT_16 Pin=J1-8
Added Pin To Net: NetName=REF Pin=J1-9
Added Pin To Net: NetName=INPUT_17 Pin=J1-10
Added Pin To Net: NetName=INPUT_19 Pin=J1-11
Added Pin To Net: NetName=INPUT_21 Pin=J1-12
Added Pin To Net: NetName=INPUT_23 Pin=J1-13
Added Pin To Net: NetName=INPUT_25 Pin=J1-14
Added Pin To Net: NetName=INPUT_27 Pin=J1-15
Added Pin To Net: NetName=INPUT_29 Pin=J1-16
Added Pin To Net: NetName=INPUT_31 Pin=J1-17
Added Pin To Net: NetName=REF Pin=J1-18
Added Pin To Net: NetName=REF Pin=J1-19
Added Pin To Net: NetName=INPUT_33 Pin=J1-20
Added Pin To Net: NetName=INPUT_34 Pin=J1-21
Added Pin To Net: NetName=INPUT_36 Pin=J1-22
Added Pin To Net: NetName=INPUT_38 Pin=J1-23
Added Pin To Net: NetName=INPUT_40 Pin=J1-24
Added Pin To Net: NetName=INPUT_42 Pin=J1-25
Added Pin To Net: NetName=INPUT_44 Pin=J1-26
Added Pin To Net: NetName=INPUT_46 Pin=J1-27
Added Pin To Net: NetName=REF Pin=J1-28
Added Pin To Net: NetName=INPUT_48 Pin=J1-29
Added Pin To Net: NetName=INPUT_49 Pin=J1-30
Added Pin To Net: NetName=INPUT_51 Pin=J1-31
Added Pin To Net: NetName=INPUT_53 Pin=J1-32
Added Pin To Net: NetName=INPUT_55 Pin=J1-33
Added Pin To Net: NetName=INPUT_57 Pin=J1-34
Added Pin To Net: NetName=INPUT_59 Pin=J1-35
Added Pin To Net: NetName=INPUT_61 Pin=J1-36
Added Pin To Net: NetName=INPUT_63 Pin=J2-1
Added Pin To Net: NetName=INPUT_64 Pin=J2-2
Added Pin To Net: NetName=INPUT_62 Pin=J2-3
Added Pin To Net: NetName=INPUT_60 Pin=J2-4
Added Pin To Net: NetName=INPUT_58 Pin=J2-5
Added Pin To Net: NetName=INPUT_56 Pin=J2-6
Added Pin To Net: NetName=INPUT_54 Pin=J2-7
Added Pin To Net: NetName=INPUT_52 Pin=J2-8
Added Pin To Net: NetName=REF Pin=J2-9
Added Pin To Net: NetName=INPUT_50 Pin=J2-10
Added Pin To Net: NetName=INPUT_47 Pin=J2-11
Added Pin To Net: NetName=INPUT_45 Pin=J2-12
Added Pin To Net: NetName=INPUT_43 Pin=J2-13
Added Pin To Net: NetName=INPUT_41 Pin=J2-14
Added Pin To Net: NetName=INPUT_39 Pin=J2-15
Added Pin To Net: NetName=INPUT_37 Pin=J2-16
Added Pin To Net: NetName=INPUT_35 Pin=J2-17
Added Pin To Net: NetName=REF Pin=J2-18
Added Pin To Net: NetName=REF Pin=J2-19
Added Pin To Net: NetName=INPUT_32 Pin=J2-20
Added Pin To Net: NetName=INPUT_30 Pin=J2-21
Added Pin To Net: NetName=INPUT_28 Pin=J2-22
Added Pin To Net: NetName=INPUT_26 Pin=J2-23
Added Pin To Net: NetName=INPUT_24 Pin=J2-24
Added Pin To Net: NetName=INPUT_22 Pin=J2-25
Added Pin To Net: NetName=INPUT_20 Pin=J2-26
Added Pin To Net: NetName=INPUT_18 Pin=J2-27
Added Pin To Net: NetName=REF Pin=J2-28
Added Pin To Net: NetName=INPUT_15 Pin=J2-29
Added Pin To Net: NetName=INPUT_13 Pin=J2-30
Added Pin To Net: NetName=INPUT_11 Pin=J2-31
Added Pin To Net: NetName=INPUT_09 Pin=J2-32
Added Pin To Net: NetName=INPUT_07 Pin=J2-33
Added Pin To Net: NetName=INPUT_05 Pin=J2-34
Added Pin To Net: NetName=INPUT_03 Pin=J2-35
Added Pin To Net: NetName=INPUT_01 Pin=J2-36
Added Member To Class: ClassName=RHD2164_USBC Member=Component J1 3-2492104-6
Added Member To Class: ClassName=RHD2164_USBC Member=Component J2 3-2492104-6
