Added Component: Designator=E1(UNeedle)
Added Component: Designator=E2(UNeedle)
Added Component: Designator=E3(UNeedle)
Added Component: Designator=E4(UNeedle)
Added Component: Designator=E5(UNeedle)
Added Component: Designator=E6(UNeedle)
Added Component: Designator=E7(UNeedle)
Added Component: Designator=E8(UNeedle)
Added Component: Designator=E9(UNeedle)
Added Component: Designator=E10(UNeedle)
Added Component: Designator=E11(UNeedle)
Added Component: Designator=E12(UNeedle)
Added Component: Designator=E13(UNeedle)
Added Component: Designator=E14(UNeedle)
Added Component: Designator=E15(UNeedle)
Added Component: Designator=E16(UNeedle)
Added Component: Designator=E17(UNeedle)
Added Component: Designator=E18(UNeedle)
Added Component: Designator=E19(UNeedle)
Added Component: Designator=E20(UNeedle)
Added Component: Designator=E21(UNeedle)
Added Component: Designator=E22(UNeedle)
Added Component: Designator=E23(UNeedle)
Added Component: Designator=E24(UNeedle)
Added Component: Designator=E25(UNeedle)
Added Component: Designator=E26(UNeedle)
Added Component: Designator=E27(UNeedle)
Added Component: Designator=E28(UNeedle)
Added Component: Designator=E29(UNeedle)
Added Component: Designator=E30(UNeedle)
Added Component: Designator=E31(UNeedle)
Added Component: Designator=E32(UNeedle)
Added Component: Designator=J1(Fingers)
Add component (AddParameter): Name = "Assembly Note"; Value = ""; VariantName = "[No Variations]"
Add component (AddParameter): Name = "Assembly Type"; Value = ""; VariantName = "[No Variations]"
Add component (AddParameter): Name = "CreatedBy/Date"; Value = ""; VariantName = "[No Variations]"
Add component (AddParameter): Name = "Current Rating"; Value = ""; VariantName = "[No Variations]"
Add component (AddParameter): Name = "GRAMS Lib Spec"; Value = "2.7"; VariantName = "[No Variations]"
Add component (AddParameter): Name = "HelpURL"; Value = ""; VariantName = "[No Variations]"
Add component (AddParameter): Name = "Magnetic Material"; Value = ""; VariantName = "[No Variations]"
Add component (AddParameter): Name = "Manufacturer #1"; Value = ""; VariantName = "[No Variations]"
Add component (AddParameter): Name = "Manufacturer #2"; Value = ""; VariantName = "[No Variations]"
Add component (AddParameter): Name = "Note"; Value = ""; VariantName = "[No Variations]"
Add component (AddParameter): Name = "Package"; Value = ""; VariantName = "[No Variations]"
Add component (AddParameter): Name = "Part Number #1"; Value = ""; VariantName = "[No Variations]"
Add component (AddParameter): Name = "Part Number #2"; Value = ""; VariantName = "[No Variations]"
Add component (AddParameter): Name = "Polarized"; Value = ""; VariantName = "[No Variations]"
Add component (AddParameter): Name = "Power Max"; Value = ""; VariantName = "[No Variations]"
Add component (AddParameter): Name = "Supplier 1"; Value = ""; VariantName = "[No Variations]"
Add component (AddParameter): Name = "Supplier Part Number 1"; Value = ""; VariantName = "[No Variations]"
Add component (AddParameter): Name = "Temperature"; Value = ""; VariantName = "[No Variations]"
Add component (AddParameter): Name = "Tolerance"; Value = ""; VariantName = "[No Variations]"
Add component (AddParameter): Name = "Value"; Value = ""; VariantName = "[No Variations]"
Add component (AddParameter): Name = "VerifiedBy"; Value = ""; VariantName = "[No Variations]"
Add component (AddParameter): Name = "Voltage Rating"; Value = ""; VariantName = "[No Variations]"
Added Pin To Net: NetName=GND Pin=J1-9
Added Pin To Net: NetName=GND Pin=J1-18
Added Pin To Net: NetName=GND Pin=J1-19
Added Pin To Net: NetName=GND Pin=J1-28
Added Net: Name=GND
Added Pin To Net: NetName=Input1 Pin=E1-1
Added Pin To Net: NetName=Input1 Pin=E1-1
Added Pin To Net: NetName=Input1 Pin=E1-1
Added Pin To Net: NetName=Input1 Pin=E1-1
Added Pin To Net: NetName=Input1 Pin=E1-1
Added Pin To Net: NetName=Input1 Pin=E1-1
Added Pin To Net: NetName=Input1 Pin=E1-1
Added Pin To Net: NetName=Input1 Pin=E1-1
Added Pin To Net: NetName=Input1 Pin=E1-1
Added Pin To Net: NetName=Input1 Pin=E1-1
Added Pin To Net: NetName=Input1 Pin=E1-1
Added Pin To Net: NetName=Input1 Pin=E1-1
Added Pin To Net: NetName=Input1 Pin=E1-1
Added Pin To Net: NetName=Input1 Pin=E1-1
Added Pin To Net: NetName=Input1 Pin=E1-1
Added Pin To Net: NetName=Input1 Pin=E1-1
Added Pin To Net: NetName=Input1 Pin=E1-1
Added Pin To Net: NetName=Input1 Pin=E1-1
Added Pin To Net: NetName=Input1 Pin=E1-1
Added Pin To Net: NetName=Input1 Pin=E1-1
Added Pin To Net: NetName=Input1 Pin=E1-1
Added Pin To Net: NetName=Input1 Pin=J1-1
Added Net: Name=Input1
Added Pin To Net: NetName=Input2 Pin=E2-1
Added Pin To Net: NetName=Input2 Pin=E2-1
Added Pin To Net: NetName=Input2 Pin=E2-1
Added Pin To Net: NetName=Input2 Pin=E2-1
Added Pin To Net: NetName=Input2 Pin=E2-1
Added Pin To Net: NetName=Input2 Pin=E2-1
Added Pin To Net: NetName=Input2 Pin=E2-1
Added Pin To Net: NetName=Input2 Pin=E2-1
Added Pin To Net: NetName=Input2 Pin=E2-1
Added Pin To Net: NetName=Input2 Pin=E2-1
Added Pin To Net: NetName=Input2 Pin=E2-1
Added Pin To Net: NetName=Input2 Pin=E2-1
Added Pin To Net: NetName=Input2 Pin=E2-1
Added Pin To Net: NetName=Input2 Pin=E2-1
Added Pin To Net: NetName=Input2 Pin=E2-1
Added Pin To Net: NetName=Input2 Pin=E2-1
Added Pin To Net: NetName=Input2 Pin=E2-1
Added Pin To Net: NetName=Input2 Pin=E2-1
Added Pin To Net: NetName=Input2 Pin=E2-1
Added Pin To Net: NetName=Input2 Pin=E2-1
Added Pin To Net: NetName=Input2 Pin=E2-1
Added Pin To Net: NetName=Input2 Pin=J1-2
Added Net: Name=Input2
Added Pin To Net: NetName=Input3 Pin=E3-1
Added Pin To Net: NetName=Input3 Pin=E3-1
Added Pin To Net: NetName=Input3 Pin=E3-1
Added Pin To Net: NetName=Input3 Pin=E3-1
Added Pin To Net: NetName=Input3 Pin=E3-1
Added Pin To Net: NetName=Input3 Pin=E3-1
Added Pin To Net: NetName=Input3 Pin=E3-1
Added Pin To Net: NetName=Input3 Pin=E3-1
Added Pin To Net: NetName=Input3 Pin=E3-1
Added Pin To Net: NetName=Input3 Pin=E3-1
Added Pin To Net: NetName=Input3 Pin=E3-1
Added Pin To Net: NetName=Input3 Pin=E3-1
Added Pin To Net: NetName=Input3 Pin=E3-1
Added Pin To Net: NetName=Input3 Pin=E3-1
Added Pin To Net: NetName=Input3 Pin=E3-1
Added Pin To Net: NetName=Input3 Pin=E3-1
Added Pin To Net: NetName=Input3 Pin=E3-1
Added Pin To Net: NetName=Input3 Pin=E3-1
Added Pin To Net: NetName=Input3 Pin=E3-1
Added Pin To Net: NetName=Input3 Pin=E3-1
Added Pin To Net: NetName=Input3 Pin=E3-1
Added Pin To Net: NetName=Input3 Pin=J1-3
Added Net: Name=Input3
Added Pin To Net: NetName=Input4 Pin=E4-1
Added Pin To Net: NetName=Input4 Pin=E4-1
Added Pin To Net: NetName=Input4 Pin=E4-1
Added Pin To Net: NetName=Input4 Pin=E4-1
Added Pin To Net: NetName=Input4 Pin=E4-1
Added Pin To Net: NetName=Input4 Pin=E4-1
Added Pin To Net: NetName=Input4 Pin=E4-1
Added Pin To Net: NetName=Input4 Pin=E4-1
Added Pin To Net: NetName=Input4 Pin=E4-1
Added Pin To Net: NetName=Input4 Pin=E4-1
Added Pin To Net: NetName=Input4 Pin=E4-1
Added Pin To Net: NetName=Input4 Pin=E4-1
Added Pin To Net: NetName=Input4 Pin=E4-1
Added Pin To Net: NetName=Input4 Pin=E4-1
Added Pin To Net: NetName=Input4 Pin=E4-1
Added Pin To Net: NetName=Input4 Pin=E4-1
Added Pin To Net: NetName=Input4 Pin=E4-1
Added Pin To Net: NetName=Input4 Pin=E4-1
Added Pin To Net: NetName=Input4 Pin=E4-1
Added Pin To Net: NetName=Input4 Pin=E4-1
Added Pin To Net: NetName=Input4 Pin=E4-1
Added Pin To Net: NetName=Input4 Pin=J1-4
Added Net: Name=Input4
Added Pin To Net: NetName=Input5 Pin=E5-1
Added Pin To Net: NetName=Input5 Pin=E5-1
Added Pin To Net: NetName=Input5 Pin=E5-1
Added Pin To Net: NetName=Input5 Pin=E5-1
Added Pin To Net: NetName=Input5 Pin=E5-1
Added Pin To Net: NetName=Input5 Pin=E5-1
Added Pin To Net: NetName=Input5 Pin=E5-1
Added Pin To Net: NetName=Input5 Pin=E5-1
Added Pin To Net: NetName=Input5 Pin=E5-1
Added Pin To Net: NetName=Input5 Pin=E5-1
Added Pin To Net: NetName=Input5 Pin=E5-1
Added Pin To Net: NetName=Input5 Pin=E5-1
Added Pin To Net: NetName=Input5 Pin=E5-1
Added Pin To Net: NetName=Input5 Pin=E5-1
Added Pin To Net: NetName=Input5 Pin=E5-1
Added Pin To Net: NetName=Input5 Pin=E5-1
Added Pin To Net: NetName=Input5 Pin=E5-1
Added Pin To Net: NetName=Input5 Pin=E5-1
Added Pin To Net: NetName=Input5 Pin=E5-1
Added Pin To Net: NetName=Input5 Pin=E5-1
Added Pin To Net: NetName=Input5 Pin=E5-1
Added Pin To Net: NetName=Input5 Pin=J1-5
Added Net: Name=Input5
Added Pin To Net: NetName=Input6 Pin=E6-1
Added Pin To Net: NetName=Input6 Pin=E6-1
Added Pin To Net: NetName=Input6 Pin=E6-1
Added Pin To Net: NetName=Input6 Pin=E6-1
Added Pin To Net: NetName=Input6 Pin=E6-1
Added Pin To Net: NetName=Input6 Pin=E6-1
Added Pin To Net: NetName=Input6 Pin=E6-1
Added Pin To Net: NetName=Input6 Pin=E6-1
Added Pin To Net: NetName=Input6 Pin=E6-1
Added Pin To Net: NetName=Input6 Pin=E6-1
Added Pin To Net: NetName=Input6 Pin=E6-1
Added Pin To Net: NetName=Input6 Pin=E6-1
Added Pin To Net: NetName=Input6 Pin=E6-1
Added Pin To Net: NetName=Input6 Pin=E6-1
Added Pin To Net: NetName=Input6 Pin=E6-1
Added Pin To Net: NetName=Input6 Pin=E6-1
Added Pin To Net: NetName=Input6 Pin=E6-1
Added Pin To Net: NetName=Input6 Pin=E6-1
Added Pin To Net: NetName=Input6 Pin=E6-1
Added Pin To Net: NetName=Input6 Pin=E6-1
Added Pin To Net: NetName=Input6 Pin=E6-1
Added Pin To Net: NetName=Input6 Pin=J1-6
Added Net: Name=Input6
Added Pin To Net: NetName=Input7 Pin=E7-1
Added Pin To Net: NetName=Input7 Pin=E7-1
Added Pin To Net: NetName=Input7 Pin=E7-1
Added Pin To Net: NetName=Input7 Pin=E7-1
Added Pin To Net: NetName=Input7 Pin=E7-1
Added Pin To Net: NetName=Input7 Pin=E7-1
Added Pin To Net: NetName=Input7 Pin=E7-1
Added Pin To Net: NetName=Input7 Pin=E7-1
Added Pin To Net: NetName=Input7 Pin=E7-1
Added Pin To Net: NetName=Input7 Pin=E7-1
Added Pin To Net: NetName=Input7 Pin=E7-1
Added Pin To Net: NetName=Input7 Pin=E7-1
Added Pin To Net: NetName=Input7 Pin=E7-1
Added Pin To Net: NetName=Input7 Pin=E7-1
Added Pin To Net: NetName=Input7 Pin=E7-1
Added Pin To Net: NetName=Input7 Pin=E7-1
Added Pin To Net: NetName=Input7 Pin=E7-1
Added Pin To Net: NetName=Input7 Pin=E7-1
Added Pin To Net: NetName=Input7 Pin=E7-1
Added Pin To Net: NetName=Input7 Pin=E7-1
Added Pin To Net: NetName=Input7 Pin=E7-1
Added Pin To Net: NetName=Input7 Pin=J1-7
Added Net: Name=Input7
Added Pin To Net: NetName=Input8 Pin=E8-1
Added Pin To Net: NetName=Input8 Pin=E8-1
Added Pin To Net: NetName=Input8 Pin=E8-1
Added Pin To Net: NetName=Input8 Pin=E8-1
Added Pin To Net: NetName=Input8 Pin=E8-1
Added Pin To Net: NetName=Input8 Pin=E8-1
Added Pin To Net: NetName=Input8 Pin=E8-1
Added Pin To Net: NetName=Input8 Pin=E8-1
Added Pin To Net: NetName=Input8 Pin=E8-1
Added Pin To Net: NetName=Input8 Pin=E8-1
Added Pin To Net: NetName=Input8 Pin=E8-1
Added Pin To Net: NetName=Input8 Pin=E8-1
Added Pin To Net: NetName=Input8 Pin=E8-1
Added Pin To Net: NetName=Input8 Pin=E8-1
Added Pin To Net: NetName=Input8 Pin=E8-1
Added Pin To Net: NetName=Input8 Pin=E8-1
Added Pin To Net: NetName=Input8 Pin=E8-1
Added Pin To Net: NetName=Input8 Pin=E8-1
Added Pin To Net: NetName=Input8 Pin=E8-1
Added Pin To Net: NetName=Input8 Pin=E8-1
Added Pin To Net: NetName=Input8 Pin=E8-1
Added Pin To Net: NetName=Input8 Pin=J1-8
Added Net: Name=Input8
Added Pin To Net: NetName=Input9 Pin=E9-1
Added Pin To Net: NetName=Input9 Pin=E9-1
Added Pin To Net: NetName=Input9 Pin=E9-1
Added Pin To Net: NetName=Input9 Pin=E9-1
Added Pin To Net: NetName=Input9 Pin=E9-1
Added Pin To Net: NetName=Input9 Pin=E9-1
Added Pin To Net: NetName=Input9 Pin=E9-1
Added Pin To Net: NetName=Input9 Pin=E9-1
Added Pin To Net: NetName=Input9 Pin=E9-1
Added Pin To Net: NetName=Input9 Pin=E9-1
Added Pin To Net: NetName=Input9 Pin=E9-1
Added Pin To Net: NetName=Input9 Pin=E9-1
Added Pin To Net: NetName=Input9 Pin=E9-1
Added Pin To Net: NetName=Input9 Pin=E9-1
Added Pin To Net: NetName=Input9 Pin=E9-1
Added Pin To Net: NetName=Input9 Pin=E9-1
Added Pin To Net: NetName=Input9 Pin=E9-1
Added Pin To Net: NetName=Input9 Pin=E9-1
Added Pin To Net: NetName=Input9 Pin=E9-1
Added Pin To Net: NetName=Input9 Pin=E9-1
Added Pin To Net: NetName=Input9 Pin=E9-1
Added Pin To Net: NetName=Input9 Pin=J1-10
Added Net: Name=Input9
Added Pin To Net: NetName=Input10 Pin=E10-1
Added Pin To Net: NetName=Input10 Pin=E10-1
Added Pin To Net: NetName=Input10 Pin=E10-1
Added Pin To Net: NetName=Input10 Pin=E10-1
Added Pin To Net: NetName=Input10 Pin=E10-1
Added Pin To Net: NetName=Input10 Pin=E10-1
Added Pin To Net: NetName=Input10 Pin=E10-1
Added Pin To Net: NetName=Input10 Pin=E10-1
Added Pin To Net: NetName=Input10 Pin=E10-1
Added Pin To Net: NetName=Input10 Pin=E10-1
Added Pin To Net: NetName=Input10 Pin=E10-1
Added Pin To Net: NetName=Input10 Pin=E10-1
Added Pin To Net: NetName=Input10 Pin=E10-1
Added Pin To Net: NetName=Input10 Pin=E10-1
Added Pin To Net: NetName=Input10 Pin=E10-1
Added Pin To Net: NetName=Input10 Pin=E10-1
Added Pin To Net: NetName=Input10 Pin=E10-1
Added Pin To Net: NetName=Input10 Pin=E10-1
Added Pin To Net: NetName=Input10 Pin=E10-1
Added Pin To Net: NetName=Input10 Pin=E10-1
Added Pin To Net: NetName=Input10 Pin=E10-1
Added Pin To Net: NetName=Input10 Pin=J1-11
Added Net: Name=Input10
Added Pin To Net: NetName=Input11 Pin=E11-1
Added Pin To Net: NetName=Input11 Pin=E11-1
Added Pin To Net: NetName=Input11 Pin=E11-1
Added Pin To Net: NetName=Input11 Pin=E11-1
Added Pin To Net: NetName=Input11 Pin=E11-1
Added Pin To Net: NetName=Input11 Pin=E11-1
Added Pin To Net: NetName=Input11 Pin=E11-1
Added Pin To Net: NetName=Input11 Pin=E11-1
Added Pin To Net: NetName=Input11 Pin=E11-1
Added Pin To Net: NetName=Input11 Pin=E11-1
Added Pin To Net: NetName=Input11 Pin=E11-1
Added Pin To Net: NetName=Input11 Pin=E11-1
Added Pin To Net: NetName=Input11 Pin=E11-1
Added Pin To Net: NetName=Input11 Pin=E11-1
Added Pin To Net: NetName=Input11 Pin=E11-1
Added Pin To Net: NetName=Input11 Pin=E11-1
Added Pin To Net: NetName=Input11 Pin=E11-1
Added Pin To Net: NetName=Input11 Pin=E11-1
Added Pin To Net: NetName=Input11 Pin=E11-1
Added Pin To Net: NetName=Input11 Pin=E11-1
Added Pin To Net: NetName=Input11 Pin=E11-1
Added Pin To Net: NetName=Input11 Pin=J1-12
Added Net: Name=Input11
Added Pin To Net: NetName=Input12 Pin=E12-1
Added Pin To Net: NetName=Input12 Pin=E12-1
Added Pin To Net: NetName=Input12 Pin=E12-1
Added Pin To Net: NetName=Input12 Pin=E12-1
Added Pin To Net: NetName=Input12 Pin=E12-1
Added Pin To Net: NetName=Input12 Pin=E12-1
Added Pin To Net: NetName=Input12 Pin=E12-1
Added Pin To Net: NetName=Input12 Pin=E12-1
Added Pin To Net: NetName=Input12 Pin=E12-1
Added Pin To Net: NetName=Input12 Pin=E12-1
Added Pin To Net: NetName=Input12 Pin=E12-1
Added Pin To Net: NetName=Input12 Pin=E12-1
Added Pin To Net: NetName=Input12 Pin=E12-1
Added Pin To Net: NetName=Input12 Pin=E12-1
Added Pin To Net: NetName=Input12 Pin=E12-1
Added Pin To Net: NetName=Input12 Pin=E12-1
Added Pin To Net: NetName=Input12 Pin=E12-1
Added Pin To Net: NetName=Input12 Pin=E12-1
Added Pin To Net: NetName=Input12 Pin=E12-1
Added Pin To Net: NetName=Input12 Pin=E12-1
Added Pin To Net: NetName=Input12 Pin=E12-1
Added Pin To Net: NetName=Input12 Pin=J1-13
Added Net: Name=Input12
Added Pin To Net: NetName=Input13 Pin=E13-1
Added Pin To Net: NetName=Input13 Pin=E13-1
Added Pin To Net: NetName=Input13 Pin=E13-1
Added Pin To Net: NetName=Input13 Pin=E13-1
Added Pin To Net: NetName=Input13 Pin=E13-1
Added Pin To Net: NetName=Input13 Pin=E13-1
Added Pin To Net: NetName=Input13 Pin=E13-1
Added Pin To Net: NetName=Input13 Pin=E13-1
Added Pin To Net: NetName=Input13 Pin=E13-1
Added Pin To Net: NetName=Input13 Pin=E13-1
Added Pin To Net: NetName=Input13 Pin=E13-1
Added Pin To Net: NetName=Input13 Pin=E13-1
Added Pin To Net: NetName=Input13 Pin=E13-1
Added Pin To Net: NetName=Input13 Pin=E13-1
Added Pin To Net: NetName=Input13 Pin=E13-1
Added Pin To Net: NetName=Input13 Pin=E13-1
Added Pin To Net: NetName=Input13 Pin=E13-1
Added Pin To Net: NetName=Input13 Pin=E13-1
Added Pin To Net: NetName=Input13 Pin=E13-1
Added Pin To Net: NetName=Input13 Pin=E13-1
Added Pin To Net: NetName=Input13 Pin=E13-1
Added Pin To Net: NetName=Input13 Pin=J1-14
Added Net: Name=Input13
Added Pin To Net: NetName=Input14 Pin=E14-1
Added Pin To Net: NetName=Input14 Pin=E14-1
Added Pin To Net: NetName=Input14 Pin=E14-1
Added Pin To Net: NetName=Input14 Pin=E14-1
Added Pin To Net: NetName=Input14 Pin=E14-1
Added Pin To Net: NetName=Input14 Pin=E14-1
Added Pin To Net: NetName=Input14 Pin=E14-1
Added Pin To Net: NetName=Input14 Pin=E14-1
Added Pin To Net: NetName=Input14 Pin=E14-1
Added Pin To Net: NetName=Input14 Pin=E14-1
Added Pin To Net: NetName=Input14 Pin=E14-1
Added Pin To Net: NetName=Input14 Pin=E14-1
Added Pin To Net: NetName=Input14 Pin=E14-1
Added Pin To Net: NetName=Input14 Pin=E14-1
Added Pin To Net: NetName=Input14 Pin=E14-1
Added Pin To Net: NetName=Input14 Pin=E14-1
Added Pin To Net: NetName=Input14 Pin=E14-1
Added Pin To Net: NetName=Input14 Pin=E14-1
Added Pin To Net: NetName=Input14 Pin=E14-1
Added Pin To Net: NetName=Input14 Pin=E14-1
Added Pin To Net: NetName=Input14 Pin=E14-1
Added Pin To Net: NetName=Input14 Pin=J1-15
Added Net: Name=Input14
Added Pin To Net: NetName=Input15 Pin=E15-1
Added Pin To Net: NetName=Input15 Pin=E15-1
Added Pin To Net: NetName=Input15 Pin=E15-1
Added Pin To Net: NetName=Input15 Pin=E15-1
Added Pin To Net: NetName=Input15 Pin=E15-1
Added Pin To Net: NetName=Input15 Pin=E15-1
Added Pin To Net: NetName=Input15 Pin=E15-1
Added Pin To Net: NetName=Input15 Pin=E15-1
Added Pin To Net: NetName=Input15 Pin=E15-1
Added Pin To Net: NetName=Input15 Pin=E15-1
Added Pin To Net: NetName=Input15 Pin=E15-1
Added Pin To Net: NetName=Input15 Pin=E15-1
Added Pin To Net: NetName=Input15 Pin=E15-1
Added Pin To Net: NetName=Input15 Pin=E15-1
Added Pin To Net: NetName=Input15 Pin=E15-1
Added Pin To Net: NetName=Input15 Pin=E15-1
Added Pin To Net: NetName=Input15 Pin=E15-1
Added Pin To Net: NetName=Input15 Pin=E15-1
Added Pin To Net: NetName=Input15 Pin=E15-1
Added Pin To Net: NetName=Input15 Pin=E15-1
Added Pin To Net: NetName=Input15 Pin=E15-1
Added Pin To Net: NetName=Input15 Pin=J1-16
Added Net: Name=Input15
Added Pin To Net: NetName=Input16 Pin=E16-1
Added Pin To Net: NetName=Input16 Pin=E16-1
Added Pin To Net: NetName=Input16 Pin=E16-1
Added Pin To Net: NetName=Input16 Pin=E16-1
Added Pin To Net: NetName=Input16 Pin=E16-1
Added Pin To Net: NetName=Input16 Pin=E16-1
Added Pin To Net: NetName=Input16 Pin=E16-1
Added Pin To Net: NetName=Input16 Pin=E16-1
Added Pin To Net: NetName=Input16 Pin=E16-1
Added Pin To Net: NetName=Input16 Pin=E16-1
Added Pin To Net: NetName=Input16 Pin=E16-1
Added Pin To Net: NetName=Input16 Pin=E16-1
Added Pin To Net: NetName=Input16 Pin=E16-1
Added Pin To Net: NetName=Input16 Pin=E16-1
Added Pin To Net: NetName=Input16 Pin=E16-1
Added Pin To Net: NetName=Input16 Pin=E16-1
Added Pin To Net: NetName=Input16 Pin=E16-1
Added Pin To Net: NetName=Input16 Pin=E16-1
Added Pin To Net: NetName=Input16 Pin=E16-1
Added Pin To Net: NetName=Input16 Pin=E16-1
Added Pin To Net: NetName=Input16 Pin=E16-1
Added Pin To Net: NetName=Input16 Pin=J1-17
Added Net: Name=Input16
Added Pin To Net: NetName=Input17 Pin=E17-1
Added Pin To Net: NetName=Input17 Pin=E17-1
Added Pin To Net: NetName=Input17 Pin=E17-1
Added Pin To Net: NetName=Input17 Pin=E17-1
Added Pin To Net: NetName=Input17 Pin=E17-1
Added Pin To Net: NetName=Input17 Pin=E17-1
Added Pin To Net: NetName=Input17 Pin=E17-1
Added Pin To Net: NetName=Input17 Pin=E17-1
Added Pin To Net: NetName=Input17 Pin=E17-1
Added Pin To Net: NetName=Input17 Pin=E17-1
Added Pin To Net: NetName=Input17 Pin=E17-1
Added Pin To Net: NetName=Input17 Pin=E17-1
Added Pin To Net: NetName=Input17 Pin=E17-1
Added Pin To Net: NetName=Input17 Pin=E17-1
Added Pin To Net: NetName=Input17 Pin=E17-1
Added Pin To Net: NetName=Input17 Pin=E17-1
Added Pin To Net: NetName=Input17 Pin=E17-1
Added Pin To Net: NetName=Input17 Pin=E17-1
Added Pin To Net: NetName=Input17 Pin=E17-1
Added Pin To Net: NetName=Input17 Pin=E17-1
Added Pin To Net: NetName=Input17 Pin=E17-1
Added Pin To Net: NetName=Input17 Pin=J1-20
Added Net: Name=Input17
Added Pin To Net: NetName=Input18 Pin=E18-1
Added Pin To Net: NetName=Input18 Pin=E18-1
Added Pin To Net: NetName=Input18 Pin=E18-1
Added Pin To Net: NetName=Input18 Pin=E18-1
Added Pin To Net: NetName=Input18 Pin=E18-1
Added Pin To Net: NetName=Input18 Pin=E18-1
Added Pin To Net: NetName=Input18 Pin=E18-1
Added Pin To Net: NetName=Input18 Pin=E18-1
Added Pin To Net: NetName=Input18 Pin=E18-1
Added Pin To Net: NetName=Input18 Pin=E18-1
Added Pin To Net: NetName=Input18 Pin=E18-1
Added Pin To Net: NetName=Input18 Pin=E18-1
Added Pin To Net: NetName=Input18 Pin=E18-1
Added Pin To Net: NetName=Input18 Pin=E18-1
Added Pin To Net: NetName=Input18 Pin=E18-1
Added Pin To Net: NetName=Input18 Pin=E18-1
Added Pin To Net: NetName=Input18 Pin=E18-1
Added Pin To Net: NetName=Input18 Pin=E18-1
Added Pin To Net: NetName=Input18 Pin=E18-1
Added Pin To Net: NetName=Input18 Pin=E18-1
Added Pin To Net: NetName=Input18 Pin=E18-1
Added Pin To Net: NetName=Input18 Pin=J1-21
Added Net: Name=Input18
Added Pin To Net: NetName=Input19 Pin=E19-1
Added Pin To Net: NetName=Input19 Pin=E19-1
Added Pin To Net: NetName=Input19 Pin=E19-1
Added Pin To Net: NetName=Input19 Pin=E19-1
Added Pin To Net: NetName=Input19 Pin=E19-1
Added Pin To Net: NetName=Input19 Pin=E19-1
Added Pin To Net: NetName=Input19 Pin=E19-1
Added Pin To Net: NetName=Input19 Pin=E19-1
Added Pin To Net: NetName=Input19 Pin=E19-1
Added Pin To Net: NetName=Input19 Pin=E19-1
Added Pin To Net: NetName=Input19 Pin=E19-1
Added Pin To Net: NetName=Input19 Pin=E19-1
Added Pin To Net: NetName=Input19 Pin=E19-1
Added Pin To Net: NetName=Input19 Pin=E19-1
Added Pin To Net: NetName=Input19 Pin=E19-1
Added Pin To Net: NetName=Input19 Pin=E19-1
Added Pin To Net: NetName=Input19 Pin=E19-1
Added Pin To Net: NetName=Input19 Pin=E19-1
Added Pin To Net: NetName=Input19 Pin=E19-1
Added Pin To Net: NetName=Input19 Pin=E19-1
Added Pin To Net: NetName=Input19 Pin=E19-1
Added Pin To Net: NetName=Input19 Pin=J1-22
Added Net: Name=Input19
Added Pin To Net: NetName=Input20 Pin=E20-1
Added Pin To Net: NetName=Input20 Pin=E20-1
Added Pin To Net: NetName=Input20 Pin=E20-1
Added Pin To Net: NetName=Input20 Pin=E20-1
Added Pin To Net: NetName=Input20 Pin=E20-1
Added Pin To Net: NetName=Input20 Pin=E20-1
Added Pin To Net: NetName=Input20 Pin=E20-1
Added Pin To Net: NetName=Input20 Pin=E20-1
Added Pin To Net: NetName=Input20 Pin=E20-1
Added Pin To Net: NetName=Input20 Pin=E20-1
Added Pin To Net: NetName=Input20 Pin=E20-1
Added Pin To Net: NetName=Input20 Pin=E20-1
Added Pin To Net: NetName=Input20 Pin=E20-1
Added Pin To Net: NetName=Input20 Pin=E20-1
Added Pin To Net: NetName=Input20 Pin=E20-1
Added Pin To Net: NetName=Input20 Pin=E20-1
Added Pin To Net: NetName=Input20 Pin=E20-1
Added Pin To Net: NetName=Input20 Pin=E20-1
Added Pin To Net: NetName=Input20 Pin=E20-1
Added Pin To Net: NetName=Input20 Pin=E20-1
Added Pin To Net: NetName=Input20 Pin=E20-1
Added Pin To Net: NetName=Input20 Pin=J1-23
Added Net: Name=Input20
Added Pin To Net: NetName=Input21 Pin=E21-1
Added Pin To Net: NetName=Input21 Pin=E21-1
Added Pin To Net: NetName=Input21 Pin=E21-1
Added Pin To Net: NetName=Input21 Pin=E21-1
Added Pin To Net: NetName=Input21 Pin=E21-1
Added Pin To Net: NetName=Input21 Pin=E21-1
Added Pin To Net: NetName=Input21 Pin=E21-1
Added Pin To Net: NetName=Input21 Pin=E21-1
Added Pin To Net: NetName=Input21 Pin=E21-1
Added Pin To Net: NetName=Input21 Pin=E21-1
Added Pin To Net: NetName=Input21 Pin=E21-1
Added Pin To Net: NetName=Input21 Pin=E21-1
Added Pin To Net: NetName=Input21 Pin=E21-1
Added Pin To Net: NetName=Input21 Pin=E21-1
Added Pin To Net: NetName=Input21 Pin=E21-1
Added Pin To Net: NetName=Input21 Pin=E21-1
Added Pin To Net: NetName=Input21 Pin=E21-1
Added Pin To Net: NetName=Input21 Pin=E21-1
Added Pin To Net: NetName=Input21 Pin=E21-1
Added Pin To Net: NetName=Input21 Pin=E21-1
Added Pin To Net: NetName=Input21 Pin=E21-1
Added Pin To Net: NetName=Input21 Pin=J1-24
Added Net: Name=Input21
Added Pin To Net: NetName=Input22 Pin=E22-1
Added Pin To Net: NetName=Input22 Pin=E22-1
Added Pin To Net: NetName=Input22 Pin=E22-1
Added Pin To Net: NetName=Input22 Pin=E22-1
Added Pin To Net: NetName=Input22 Pin=E22-1
Added Pin To Net: NetName=Input22 Pin=E22-1
Added Pin To Net: NetName=Input22 Pin=E22-1
Added Pin To Net: NetName=Input22 Pin=E22-1
Added Pin To Net: NetName=Input22 Pin=E22-1
Added Pin To Net: NetName=Input22 Pin=E22-1
Added Pin To Net: NetName=Input22 Pin=E22-1
Added Pin To Net: NetName=Input22 Pin=E22-1
Added Pin To Net: NetName=Input22 Pin=E22-1
Added Pin To Net: NetName=Input22 Pin=E22-1
Added Pin To Net: NetName=Input22 Pin=E22-1
Added Pin To Net: NetName=Input22 Pin=E22-1
Added Pin To Net: NetName=Input22 Pin=E22-1
Added Pin To Net: NetName=Input22 Pin=E22-1
Added Pin To Net: NetName=Input22 Pin=E22-1
Added Pin To Net: NetName=Input22 Pin=E22-1
Added Pin To Net: NetName=Input22 Pin=E22-1
Added Pin To Net: NetName=Input22 Pin=J1-25
Added Net: Name=Input22
Added Pin To Net: NetName=Input23 Pin=E23-1
Added Pin To Net: NetName=Input23 Pin=E23-1
Added Pin To Net: NetName=Input23 Pin=E23-1
Added Pin To Net: NetName=Input23 Pin=E23-1
Added Pin To Net: NetName=Input23 Pin=E23-1
Added Pin To Net: NetName=Input23 Pin=E23-1
Added Pin To Net: NetName=Input23 Pin=E23-1
Added Pin To Net: NetName=Input23 Pin=E23-1
Added Pin To Net: NetName=Input23 Pin=E23-1
Added Pin To Net: NetName=Input23 Pin=E23-1
Added Pin To Net: NetName=Input23 Pin=E23-1
Added Pin To Net: NetName=Input23 Pin=E23-1
Added Pin To Net: NetName=Input23 Pin=E23-1
Added Pin To Net: NetName=Input23 Pin=E23-1
Added Pin To Net: NetName=Input23 Pin=E23-1
Added Pin To Net: NetName=Input23 Pin=E23-1
Added Pin To Net: NetName=Input23 Pin=E23-1
Added Pin To Net: NetName=Input23 Pin=E23-1
Added Pin To Net: NetName=Input23 Pin=E23-1
Added Pin To Net: NetName=Input23 Pin=E23-1
Added Pin To Net: NetName=Input23 Pin=E23-1
Added Pin To Net: NetName=Input23 Pin=J1-26
Added Net: Name=Input23
Added Pin To Net: NetName=Input24 Pin=E24-1
Added Pin To Net: NetName=Input24 Pin=E24-1
Added Pin To Net: NetName=Input24 Pin=E24-1
Added Pin To Net: NetName=Input24 Pin=E24-1
Added Pin To Net: NetName=Input24 Pin=E24-1
Added Pin To Net: NetName=Input24 Pin=E24-1
Added Pin To Net: NetName=Input24 Pin=E24-1
Added Pin To Net: NetName=Input24 Pin=E24-1
Added Pin To Net: NetName=Input24 Pin=E24-1
Added Pin To Net: NetName=Input24 Pin=E24-1
Added Pin To Net: NetName=Input24 Pin=E24-1
Added Pin To Net: NetName=Input24 Pin=E24-1
Added Pin To Net: NetName=Input24 Pin=E24-1
Added Pin To Net: NetName=Input24 Pin=E24-1
Added Pin To Net: NetName=Input24 Pin=E24-1
Added Pin To Net: NetName=Input24 Pin=E24-1
Added Pin To Net: NetName=Input24 Pin=E24-1
Added Pin To Net: NetName=Input24 Pin=E24-1
Added Pin To Net: NetName=Input24 Pin=E24-1
Added Pin To Net: NetName=Input24 Pin=E24-1
Added Pin To Net: NetName=Input24 Pin=E24-1
Added Pin To Net: NetName=Input24 Pin=J1-27
Added Net: Name=Input24
Added Pin To Net: NetName=Input25 Pin=E25-1
Added Pin To Net: NetName=Input25 Pin=E25-1
Added Pin To Net: NetName=Input25 Pin=E25-1
Added Pin To Net: NetName=Input25 Pin=E25-1
Added Pin To Net: NetName=Input25 Pin=E25-1
Added Pin To Net: NetName=Input25 Pin=E25-1
Added Pin To Net: NetName=Input25 Pin=E25-1
Added Pin To Net: NetName=Input25 Pin=E25-1
Added Pin To Net: NetName=Input25 Pin=E25-1
Added Pin To Net: NetName=Input25 Pin=E25-1
Added Pin To Net: NetName=Input25 Pin=E25-1
Added Pin To Net: NetName=Input25 Pin=E25-1
Added Pin To Net: NetName=Input25 Pin=E25-1
Added Pin To Net: NetName=Input25 Pin=E25-1
Added Pin To Net: NetName=Input25 Pin=E25-1
Added Pin To Net: NetName=Input25 Pin=E25-1
Added Pin To Net: NetName=Input25 Pin=E25-1
Added Pin To Net: NetName=Input25 Pin=E25-1
Added Pin To Net: NetName=Input25 Pin=E25-1
Added Pin To Net: NetName=Input25 Pin=E25-1
Added Pin To Net: NetName=Input25 Pin=E25-1
Added Pin To Net: NetName=Input25 Pin=J1-29
Added Net: Name=Input25
Added Pin To Net: NetName=Input26 Pin=E26-1
Added Pin To Net: NetName=Input26 Pin=E26-1
Added Pin To Net: NetName=Input26 Pin=E26-1
Added Pin To Net: NetName=Input26 Pin=E26-1
Added Pin To Net: NetName=Input26 Pin=E26-1
Added Pin To Net: NetName=Input26 Pin=E26-1
Added Pin To Net: NetName=Input26 Pin=E26-1
Added Pin To Net: NetName=Input26 Pin=E26-1
Added Pin To Net: NetName=Input26 Pin=E26-1
Added Pin To Net: NetName=Input26 Pin=E26-1
Added Pin To Net: NetName=Input26 Pin=E26-1
Added Pin To Net: NetName=Input26 Pin=E26-1
Added Pin To Net: NetName=Input26 Pin=E26-1
Added Pin To Net: NetName=Input26 Pin=E26-1
Added Pin To Net: NetName=Input26 Pin=E26-1
Added Pin To Net: NetName=Input26 Pin=E26-1
Added Pin To Net: NetName=Input26 Pin=E26-1
Added Pin To Net: NetName=Input26 Pin=E26-1
Added Pin To Net: NetName=Input26 Pin=E26-1
Added Pin To Net: NetName=Input26 Pin=E26-1
Added Pin To Net: NetName=Input26 Pin=E26-1
Added Pin To Net: NetName=Input26 Pin=J1-30
Added Net: Name=Input26
Added Pin To Net: NetName=Input27 Pin=E27-1
Added Pin To Net: NetName=Input27 Pin=E27-1
Added Pin To Net: NetName=Input27 Pin=E27-1
Added Pin To Net: NetName=Input27 Pin=E27-1
Added Pin To Net: NetName=Input27 Pin=E27-1
Added Pin To Net: NetName=Input27 Pin=E27-1
Added Pin To Net: NetName=Input27 Pin=E27-1
Added Pin To Net: NetName=Input27 Pin=E27-1
Added Pin To Net: NetName=Input27 Pin=E27-1
Added Pin To Net: NetName=Input27 Pin=E27-1
Added Pin To Net: NetName=Input27 Pin=E27-1
Added Pin To Net: NetName=Input27 Pin=E27-1
Added Pin To Net: NetName=Input27 Pin=E27-1
Added Pin To Net: NetName=Input27 Pin=E27-1
Added Pin To Net: NetName=Input27 Pin=E27-1
Added Pin To Net: NetName=Input27 Pin=E27-1
Added Pin To Net: NetName=Input27 Pin=E27-1
Added Pin To Net: NetName=Input27 Pin=E27-1
Added Pin To Net: NetName=Input27 Pin=E27-1
Added Pin To Net: NetName=Input27 Pin=E27-1
Added Pin To Net: NetName=Input27 Pin=E27-1
Added Pin To Net: NetName=Input27 Pin=J1-31
Added Net: Name=Input27
Added Pin To Net: NetName=Input28 Pin=E28-1
Added Pin To Net: NetName=Input28 Pin=E28-1
Added Pin To Net: NetName=Input28 Pin=E28-1
Added Pin To Net: NetName=Input28 Pin=E28-1
Added Pin To Net: NetName=Input28 Pin=E28-1
Added Pin To Net: NetName=Input28 Pin=E28-1
Added Pin To Net: NetName=Input28 Pin=E28-1
Added Pin To Net: NetName=Input28 Pin=E28-1
Added Pin To Net: NetName=Input28 Pin=E28-1
Added Pin To Net: NetName=Input28 Pin=E28-1
Added Pin To Net: NetName=Input28 Pin=E28-1
Added Pin To Net: NetName=Input28 Pin=E28-1
Added Pin To Net: NetName=Input28 Pin=E28-1
Added Pin To Net: NetName=Input28 Pin=E28-1
Added Pin To Net: NetName=Input28 Pin=E28-1
Added Pin To Net: NetName=Input28 Pin=E28-1
Added Pin To Net: NetName=Input28 Pin=E28-1
Added Pin To Net: NetName=Input28 Pin=E28-1
Added Pin To Net: NetName=Input28 Pin=E28-1
Added Pin To Net: NetName=Input28 Pin=E28-1
Added Pin To Net: NetName=Input28 Pin=E28-1
Added Pin To Net: NetName=Input28 Pin=J1-32
Added Net: Name=Input28
Added Pin To Net: NetName=Input29 Pin=E29-1
Added Pin To Net: NetName=Input29 Pin=E29-1
Added Pin To Net: NetName=Input29 Pin=E29-1
Added Pin To Net: NetName=Input29 Pin=E29-1
Added Pin To Net: NetName=Input29 Pin=E29-1
Added Pin To Net: NetName=Input29 Pin=E29-1
Added Pin To Net: NetName=Input29 Pin=E29-1
Added Pin To Net: NetName=Input29 Pin=E29-1
Added Pin To Net: NetName=Input29 Pin=E29-1
Added Pin To Net: NetName=Input29 Pin=E29-1
Added Pin To Net: NetName=Input29 Pin=E29-1
Added Pin To Net: NetName=Input29 Pin=E29-1
Added Pin To Net: NetName=Input29 Pin=E29-1
Added Pin To Net: NetName=Input29 Pin=E29-1
Added Pin To Net: NetName=Input29 Pin=E29-1
Added Pin To Net: NetName=Input29 Pin=E29-1
Added Pin To Net: NetName=Input29 Pin=E29-1
Added Pin To Net: NetName=Input29 Pin=E29-1
Added Pin To Net: NetName=Input29 Pin=E29-1
Added Pin To Net: NetName=Input29 Pin=E29-1
Added Pin To Net: NetName=Input29 Pin=E29-1
Added Pin To Net: NetName=Input29 Pin=J1-33
Added Net: Name=Input29
Added Pin To Net: NetName=Input30 Pin=E30-1
Added Pin To Net: NetName=Input30 Pin=E30-1
Added Pin To Net: NetName=Input30 Pin=E30-1
Added Pin To Net: NetName=Input30 Pin=E30-1
Added Pin To Net: NetName=Input30 Pin=E30-1
Added Pin To Net: NetName=Input30 Pin=E30-1
Added Pin To Net: NetName=Input30 Pin=E30-1
Added Pin To Net: NetName=Input30 Pin=E30-1
Added Pin To Net: NetName=Input30 Pin=E30-1
Added Pin To Net: NetName=Input30 Pin=E30-1
Added Pin To Net: NetName=Input30 Pin=E30-1
Added Pin To Net: NetName=Input30 Pin=E30-1
Added Pin To Net: NetName=Input30 Pin=E30-1
Added Pin To Net: NetName=Input30 Pin=E30-1
Added Pin To Net: NetName=Input30 Pin=E30-1
Added Pin To Net: NetName=Input30 Pin=E30-1
Added Pin To Net: NetName=Input30 Pin=E30-1
Added Pin To Net: NetName=Input30 Pin=E30-1
Added Pin To Net: NetName=Input30 Pin=E30-1
Added Pin To Net: NetName=Input30 Pin=E30-1
Added Pin To Net: NetName=Input30 Pin=E30-1
Added Pin To Net: NetName=Input30 Pin=J1-34
Added Net: Name=Input30
Added Pin To Net: NetName=Input31 Pin=E31-1
Added Pin To Net: NetName=Input31 Pin=E31-1
Added Pin To Net: NetName=Input31 Pin=E31-1
Added Pin To Net: NetName=Input31 Pin=E31-1
Added Pin To Net: NetName=Input31 Pin=E31-1
Added Pin To Net: NetName=Input31 Pin=E31-1
Added Pin To Net: NetName=Input31 Pin=E31-1
Added Pin To Net: NetName=Input31 Pin=E31-1
Added Pin To Net: NetName=Input31 Pin=E31-1
Added Pin To Net: NetName=Input31 Pin=E31-1
Added Pin To Net: NetName=Input31 Pin=E31-1
Added Pin To Net: NetName=Input31 Pin=E31-1
Added Pin To Net: NetName=Input31 Pin=E31-1
Added Pin To Net: NetName=Input31 Pin=E31-1
Added Pin To Net: NetName=Input31 Pin=E31-1
Added Pin To Net: NetName=Input31 Pin=E31-1
Added Pin To Net: NetName=Input31 Pin=E31-1
Added Pin To Net: NetName=Input31 Pin=E31-1
Added Pin To Net: NetName=Input31 Pin=E31-1
Added Pin To Net: NetName=Input31 Pin=E31-1
Added Pin To Net: NetName=Input31 Pin=E31-1
Added Pin To Net: NetName=Input31 Pin=J1-35
Added Net: Name=Input31
Added Pin To Net: NetName=Input32 Pin=E32-1
Added Pin To Net: NetName=Input32 Pin=E32-1
Added Pin To Net: NetName=Input32 Pin=E32-1
Added Pin To Net: NetName=Input32 Pin=E32-1
Added Pin To Net: NetName=Input32 Pin=E32-1
Added Pin To Net: NetName=Input32 Pin=E32-1
Added Pin To Net: NetName=Input32 Pin=E32-1
Added Pin To Net: NetName=Input32 Pin=E32-1
Added Pin To Net: NetName=Input32 Pin=E32-1
Added Pin To Net: NetName=Input32 Pin=E32-1
Added Pin To Net: NetName=Input32 Pin=E32-1
Added Pin To Net: NetName=Input32 Pin=E32-1
Added Pin To Net: NetName=Input32 Pin=E32-1
Added Pin To Net: NetName=Input32 Pin=E32-1
Added Pin To Net: NetName=Input32 Pin=E32-1
Added Pin To Net: NetName=Input32 Pin=E32-1
Added Pin To Net: NetName=Input32 Pin=E32-1
Added Pin To Net: NetName=Input32 Pin=E32-1
Added Pin To Net: NetName=Input32 Pin=E32-1
Added Pin To Net: NetName=Input32 Pin=E32-1
Added Pin To Net: NetName=Input32 Pin=E32-1
Added Pin To Net: NetName=Input32 Pin=J1-36
Added Net: Name=Input32
Added Class: Name=Main
Added Rule: Name=Schematic Supply Nets
