Removed Pin From Net: NetName=GND Pin=J4-14
Removed Pin From Net: NetName=GND Pin=J4-16
Removed Pin From Net: NetName=GND Pin=J4-18
Removed Pin From Net: NetName=GND Pin=J4-20
Removed Pin From Net: NetName=MC2_22 Pin=J4-22
Removed Pin From Net: NetName=GND Pin=J4-24
Removed Pin From Net: NetName=GND Pin=J4-26
Removed Pin From Net: NetName=GND Pin=J4-28
Removed Pin From Net: NetName=MC2_34 Pin=J4-34
Removed Pin From Net: NetName=GND Pin=J4-36
Removed Pin From Net: NetName=GND Pin=J5-01
Removed Pin From Net: NetName=GND Pin=J5-02
Removed Pin From Net: NetName=GND Pin=J5-03
Removed Pin From Net: NetName=GND Pin=J5-04
Removed Pin From Net: NetName=MC2_45 Pin=J5-05
Removed Pin From Net: NetName=GND Pin=J5-06
Removed Pin From Net: NetName=GND Pin=J5-07
Removed Pin From Net: NetName=MC2_48 Pin=J5-08
Removed Pin From Net: NetName=GND Pin=J5-09
Removed Pin From Net: NetName=GND Pin=J5-10
Removed Pin From Net: NetName=GND Pin=J5-11
Removed Pin From Net: NetName=GND Pin=J5-12
Removed Pin From Net: NetName=GND Pin=J5-13
Removed Pin From Net: NetName=GND Pin=J5-14
Removed Pin From Net: NetName=VCCO_MC2 Pin=J5-15
Removed Pin From Net: NetName=GND Pin=J5-16
Removed Pin From Net: NetName=GND Pin=J5-17
Removed Pin From Net: NetName=GND Pin=J5-18
Removed Pin From Net: NetName=MC2_59 Pin=J5-19
Removed Pin From Net: NetName=GND Pin=J5-20
Removed Pin From Net: NetName=GND Pin=J5-21
Removed Pin From Net: NetName=MC2_62 Pin=J5-22
Removed Pin From Net: NetName=GND Pin=J5-23
Removed Pin From Net: NetName=GND Pin=J5-24
Removed Pin From Net: NetName=GND Pin=J5-25
Removed Pin From Net: NetName=GND Pin=J5-26
Removed Pin From Net: NetName=GND Pin=J5-27
Removed Pin From Net: NetName=GND Pin=J5-28
Removed Pin From Net: NetName=GND Pin=J5-29
Removed Pin From Net: NetName=GND Pin=J5-30
Removed Pin From Net: NetName=MC2_71 Pin=J5-31
Removed Pin From Net: NetName=GND Pin=J5-32
Removed Pin From Net: NetName=GND Pin=J5-33
Removed Pin From Net: NetName=MC2_74 Pin=J5-34
Removed Pin From Net: NetName=GND Pin=J5-35
Removed Pin From Net: NetName=GND Pin=J5-36
Removed Pin From Net: NetName=GND Pin=J5-37
Removed Pin From Net: NetName=GND Pin=J5-38
Removed Pin From Net: NetName=GND Pin=J5-39
Removed Pin From Net: NetName=GND Pin=J5-40
Removed Member From Class: ClassName=U_FPGA Member=J5
Added Pin To Net: NetName=MC2_22 Pin=J4-14
Added Pin To Net: NetName=MC2_34 Pin=J4-16
Added Pin To Net: NetName=MC2_45 Pin=J4-18
Added Pin To Net: NetName=MC2_48 Pin=J4-20
Added Pin To Net: NetName=MC2_59 Pin=J4-22
Added Pin To Net: NetName=MC2_62 Pin=J4-24
Added Pin To Net: NetName=MC2_71 Pin=J4-26
Added Pin To Net: NetName=MC2_74 Pin=J4-28
Added Pin To Net: NetName=GND Pin=J4-34
Added Pin To Net: NetName=VCCO_MC2 Pin=J4-36
