Removed Pin From Net: NetName=GND Pin=J2-02
Removed Pin From Net: NetName=1V0 Pin=J2-04
Removed Pin From Net: NetName=5V0 Pin=J2-05
Removed Pin From Net: NetName=1V0 Pin=J2-06
Removed Pin From Net: NetName=1V8 Pin=J2-07
Removed Pin From Net: NetName=SYS_CLK_MC1 Pin=J2-08
Removed Pin From Net: NetName=3V3 Pin=J2-09
Removed Pin From Net: NetName=XADC_VN Pin=J2-10
Removed Pin From Net: NetName=3V3 Pin=J2-11
Removed Pin From Net: NetName=XADC_VP Pin=J2-12
Removed Pin From Net: NetName=3V3 Pin=J2-13
Removed Pin From Net: NetName=GND Pin=J2-14
Removed Pin From Net: NetName=MC1_15 Pin=J2-15
Removed Pin From Net: NetName=MC1_16 Pin=J2-16
Removed Pin From Net: NetName=MC1_17 Pin=J2-17
Removed Pin From Net: NetName=MC1_18 Pin=J2-18
Removed Pin From Net: NetName=MC1_19 Pin=J2-19
Removed Pin From Net: NetName=MC1_20 Pin=J2-20
Removed Pin From Net: NetName=MC1_21 Pin=J2-21
Removed Pin From Net: NetName=MC1_22 Pin=J2-22
Removed Pin From Net: NetName=MC1_23 Pin=J2-23
Removed Pin From Net: NetName=MC1_24 Pin=J2-24
Removed Pin From Net: NetName=MC1_25 Pin=J2-25
Removed Pin From Net: NetName=MC1_26 Pin=J2-26
Removed Pin From Net: NetName=MC1_27 Pin=J2-27
Removed Pin From Net: NetName=MC1_28 Pin=J2-28
Removed Pin From Net: NetName=MC1_29 Pin=J2-29
Removed Pin From Net: NetName=MC1_30 Pin=J2-30
Removed Pin From Net: NetName=MC1_31 Pin=J2-31
Removed Pin From Net: NetName=board_mode_0 Pin=J2-32
Removed Pin From Net: NetName=MC1_33 Pin=J2-33
Removed Pin From Net: NetName=board_mode_1 Pin=J2-34
Removed Pin From Net: NetName=GND Pin=J2-35
Removed Pin From Net: NetName=VCCO_MC1 Pin=J2-36
Removed Pin From Net: NetName=MC1_37 Pin=J2-37
Removed Pin From Net: NetName=board_mode_2 Pin=J2-38
Removed Pin From Net: NetName=MC1_39 Pin=J2-39
Removed Pin From Net: NetName=board_mode_3 Pin=J2-40
Removed Pin From Net: NetName=MC1_41 Pin=J3-01
Removed Pin From Net: NetName=MC1_42 Pin=J3-02
Removed Pin From Net: NetName=MC1_43 Pin=J3-03
Removed Pin From Net: NetName=MC1_44 Pin=J3-04
Removed Pin From Net: NetName=MC1_45 Pin=J3-05
Removed Pin From Net: NetName=MC1_46 Pin=J3-06
Removed Pin From Net: NetName=MC1_47 Pin=J3-07
Removed Pin From Net: NetName=MC1_48 Pin=J3-08
Removed Pin From Net: NetName=MC1_49 Pin=J3-09
Removed Pin From Net: NetName=MC1_50 Pin=J3-10
Removed Pin From Net: NetName=MC1_51 Pin=J3-11
Removed Pin From Net: NetName=MC1_52 Pin=J3-12
Removed Pin From Net: NetName=MC1_53 Pin=J3-13
Removed Pin From Net: NetName=MC1_54 Pin=J3-14
Removed Pin From Net: NetName=GND Pin=J3-15
Removed Pin From Net: NetName=VCCO_MC1 Pin=J3-16
Removed Pin From Net: NetName=MC1_57 Pin=J3-17
Removed Pin From Net: NetName=MC1_58 Pin=J3-18
Removed Pin From Net: NetName=MC1_59 Pin=J3-19
Removed Pin From Net: NetName=MC1_60 Pin=J3-20
Removed Pin From Net: NetName=MC1_61 Pin=J3-21
Removed Pin From Net: NetName=MC1_62 Pin=J3-22
Removed Pin From Net: NetName=MC1_63 Pin=J3-23
Removed Pin From Net: NetName=MC1_64 Pin=J3-24
Removed Pin From Net: NetName=MC1_65 Pin=J3-25
Removed Pin From Net: NetName=MC1_66 Pin=J3-26
Removed Pin From Net: NetName=MC1_67 Pin=J3-27
Removed Pin From Net: NetName=MC1_68 Pin=J3-28
Removed Pin From Net: NetName=MC1_69 Pin=J3-29
Removed Pin From Net: NetName=MC1_70 Pin=J3-30
Removed Pin From Net: NetName=status_led_3 Pin=J3-31
Removed Pin From Net: NetName=MC1_72 Pin=J3-32
Removed Pin From Net: NetName=status_led_2 Pin=J3-33
Removed Pin From Net: NetName=MC1_74 Pin=J3-34
Removed Pin From Net: NetName=status_led_1 Pin=J3-35
Removed Pin From Net: NetName=MC1_76 Pin=J3-36
Removed Pin From Net: NetName=MC1_77 Pin=J3-37
Removed Pin From Net: NetName=MC1_79 Pin=J3-39
Removed Pin From Net: NetName=GND Pin=J4-01
Removed Pin From Net: NetName=3V3 Pin=J4-02
Removed Pin From Net: NetName=VBAT Pin=J4-03
Removed Pin From Net: NetName=3V3 Pin=J4-04
Removed Pin From Net: NetName=FPGA_TCK Pin=J4-05
Removed Pin From Net: NetName=3V3 Pin=J4-06
Removed Pin From Net: NetName=FPGA_TMS Pin=J4-07
Removed Pin From Net: NetName=FPGA_TDO Pin=J4-08
Removed Pin From Net: NetName=FPGA_TDI Pin=J4-09
Removed Pin From Net: NetName=MC2_10 Pin=J4-10
Removed Pin From Net: NetName=SYS_CLK_MC2 Pin=J4-11
Removed Pin From Net: NetName=MC2_12 Pin=J4-12
Removed Pin From Net: NetName=GND Pin=J4-13
Removed Pin From Net: NetName=MC2_15 Pin=J4-15
Removed Pin From Net: NetName=MC2_34 Pin=J4-16
Removed Pin From Net: NetName=MC2_17 Pin=J4-17
Removed Pin From Net: NetName=MC2_45 Pin=J4-18
Removed Pin From Net: NetName=MC2_19 Pin=J4-19
Removed Pin From Net: NetName=MC2_48 Pin=J4-20
Removed Pin From Net: NetName=MC2_21 Pin=J4-21
Removed Pin From Net: NetName=MC2_59 Pin=J4-22
Removed Pin From Net: NetName=MC2_23 Pin=J4-23
Removed Pin From Net: NetName=MC2_62 Pin=J4-24
Removed Pin From Net: NetName=MC2_25 Pin=J4-25
Removed Pin From Net: NetName=MC2_71 Pin=J4-26
Removed Pin From Net: NetName=MC2_27 Pin=J4-27
Removed Pin From Net: NetName=MC2_74 Pin=J4-28
Removed Pin From Net: NetName=MC2_29 Pin=J4-29
Removed Pin From Net: NetName=GND Pin=J4-30
Removed Pin From Net: NetName=MC2_31 Pin=J4-31
Removed Pin From Net: NetName=GND Pin=J4-32
Removed Pin From Net: NetName=MC2_33 Pin=J4-33
Removed Pin From Net: NetName=GND Pin=J4-34
Removed Pin From Net: NetName=VCCO_MC2 Pin=J4-35
Removed Pin From Net: NetName=VCCO_MC2 Pin=J4-36
Removed Pin From Net: NetName=MC2_37 Pin=J4-37
Removed Pin From Net: NetName=GND Pin=J4-38
Removed Pin From Net: NetName=MC2_39 Pin=J4-39
Removed Pin From Net: NetName=GND Pin=J4-40
Added Pin To Net: NetName=5V0 Pin=J2-02
Added Pin To Net: NetName=GND Pin=J2-04
Added Pin To Net: NetName=3V3 Pin=J2-05
Added Pin To Net: NetName=1V8 Pin=J2-06
Added Pin To Net: NetName=3V3 Pin=J2-07
Added Pin To Net: NetName=3V3 Pin=J2-08
Added Pin To Net: NetName=MC1_17 Pin=J2-09
Added Pin To Net: NetName=MC1_15 Pin=J2-10
Added Pin To Net: NetName=MC1_21 Pin=J2-11
Added Pin To Net: NetName=MC1_19 Pin=J2-12
Added Pin To Net: NetName=MC1_25 Pin=J2-13
Added Pin To Net: NetName=MC1_23 Pin=J2-14
Added Pin To Net: NetName=MC1_29 Pin=J2-15
Added Pin To Net: NetName=MC1_27 Pin=J2-16
Added Pin To Net: NetName=MC1_33 Pin=J2-17
Added Pin To Net: NetName=MC1_31 Pin=J2-18
Added Pin To Net: NetName=MC1_39 Pin=J2-19
Added Pin To Net: NetName=MC1_37 Pin=J2-20
Added Pin To Net: NetName=MC1_43 Pin=J2-21
Added Pin To Net: NetName=MC1_41 Pin=J2-22
Added Pin To Net: NetName=MC1_47 Pin=J2-23
Added Pin To Net: NetName=MC1_45 Pin=J2-24
Added Pin To Net: NetName=MC1_51 Pin=J2-25
Added Pin To Net: NetName=MC1_49 Pin=J2-26
Added Pin To Net: NetName=MC1_57 Pin=J2-27
Added Pin To Net: NetName=MC1_53 Pin=J2-28
Added Pin To Net: NetName=MC1_61 Pin=J2-29
Added Pin To Net: NetName=MC1_59 Pin=J2-30
Added Pin To Net: NetName=MC1_65 Pin=J2-31
Added Pin To Net: NetName=MC1_63 Pin=J2-32
Added Pin To Net: NetName=MC1_69 Pin=J2-33
Added Pin To Net: NetName=MC1_67 Pin=J2-34
Added Pin To Net: NetName=status_led_2 Pin=J2-35
Added Pin To Net: NetName=status_led_3 Pin=J2-36
Added Pin To Net: NetName=MC1_77 Pin=J2-37
Added Pin To Net: NetName=status_led_1 Pin=J2-38
Added Pin To Net: NetName=GND Pin=J2-39
Added Pin To Net: NetName=MC1_79 Pin=J2-40
Added Pin To Net: NetName=1V0 Pin=J3-01
Added Pin To Net: NetName=1V0 Pin=J3-02
Added Pin To Net: NetName=XADC_VN Pin=J3-03
Added Pin To Net: NetName=SYS_CLK_MC1 Pin=J3-04
Added Pin To Net: NetName=MC1_16 Pin=J3-05
Added Pin To Net: NetName=XADC_VP Pin=J3-06
Added Pin To Net: NetName=MC1_20 Pin=J3-07
Added Pin To Net: NetName=MC1_18 Pin=J3-08
Added Pin To Net: NetName=MC1_24 Pin=J3-09
Added Pin To Net: NetName=MC1_22 Pin=J3-10
Added Pin To Net: NetName=MC1_28 Pin=J3-11
Added Pin To Net: NetName=MC1_26 Pin=J3-12
Added Pin To Net: NetName=board_mode_0 Pin=J3-13
Added Pin To Net: NetName=MC1_30 Pin=J3-14
Added Pin To Net: NetName=VCCO_MC1 Pin=J3-15
Added Pin To Net: NetName=board_mode_1 Pin=J3-16
Added Pin To Net: NetName=board_mode_3 Pin=J3-17
Added Pin To Net: NetName=board_mode_2 Pin=J3-18
Added Pin To Net: NetName=MC1_44 Pin=J3-19
Added Pin To Net: NetName=MC1_42 Pin=J3-20
Added Pin To Net: NetName=MC1_48 Pin=J3-21
Added Pin To Net: NetName=MC1_46 Pin=J3-22
Added Pin To Net: NetName=MC1_52 Pin=J3-23
Added Pin To Net: NetName=MC1_50 Pin=J3-24
Added Pin To Net: NetName=VCCO_MC1 Pin=J3-25
Added Pin To Net: NetName=MC1_54 Pin=J3-26
Added Pin To Net: NetName=MC1_60 Pin=J3-27
Added Pin To Net: NetName=MC1_58 Pin=J3-28
Added Pin To Net: NetName=MC1_64 Pin=J3-29
Added Pin To Net: NetName=MC1_62 Pin=J3-30
Added Pin To Net: NetName=MC1_68 Pin=J3-31
Added Pin To Net: NetName=MC1_66 Pin=J3-32
Added Pin To Net: NetName=MC1_72 Pin=J3-33
Added Pin To Net: NetName=MC1_70 Pin=J3-34
Added Pin To Net: NetName=MC1_76 Pin=J3-35
Added Pin To Net: NetName=MC1_74 Pin=J3-36
Added Pin To Net: NetName=GND Pin=J3-37
Added Pin To Net: NetName=GND Pin=J3-39
Added Pin To Net: NetName=FPGA_TCK Pin=J4-01
Added Pin To Net: NetName=VBAT Pin=J4-02
Added Pin To Net: NetName=FPGA_TDO Pin=J4-03
Added Pin To Net: NetName=FPGA_TMS Pin=J4-04
Added Pin To Net: NetName=MC2_10 Pin=J4-05
Added Pin To Net: NetName=FPGA_TDI Pin=J4-06
Added Pin To Net: NetName=MC2_12 Pin=J4-07
Added Pin To Net: NetName=SYS_CLK_MC2 Pin=J4-08
Added Pin To Net: NetName=MC2_17 Pin=J4-09
Added Pin To Net: NetName=MC2_15 Pin=J4-10
Added Pin To Net: NetName=MC2_21 Pin=J4-11
Added Pin To Net: NetName=MC2_19 Pin=J4-12
Added Pin To Net: NetName=MC2_23 Pin=J4-13
Added Pin To Net: NetName=MC2_27 Pin=J4-15
Added Pin To Net: NetName=MC2_25 Pin=J4-16
Added Pin To Net: NetName=MC2_31 Pin=J4-17
Added Pin To Net: NetName=MC2_29 Pin=J4-18
Added Pin To Net: NetName=MC2_34 Pin=J4-19
Added Pin To Net: NetName=MC2_33 Pin=J4-20
Added Pin To Net: NetName=MC2_37 Pin=J4-21
Added Pin To Net: NetName=VCCO_MC2 Pin=J4-22
Added Pin To Net: NetName=MC2_45 Pin=J4-23
Added Pin To Net: NetName=MC2_39 Pin=J4-24
Added Pin To Net: NetName=VCCO_MC2 Pin=J4-25
Added Pin To Net: NetName=MC2_48 Pin=J4-26
Added Pin To Net: NetName=MC2_62 Pin=J4-27
Added Pin To Net: NetName=MC2_59 Pin=J4-28
Added Pin To Net: NetName=MC2_74 Pin=J4-29
Added Pin To Net: NetName=MC2_71 Pin=J4-30
Added Pin To Net: NetName=GND Pin=J4-31
Added Pin To Net: NetName=3V3 Pin=J4-32
Added Pin To Net: NetName=GND Pin=J4-33
Added Pin To Net: NetName=3V3 Pin=J4-34
Added Pin To Net: NetName=GND Pin=J4-35
Added Pin To Net: NetName=3V3 Pin=J4-36
Added Pin To Net: NetName=GND Pin=J4-37
Added Pin To Net: NetName=3V3 Pin=J4-38
Added Pin To Net: NetName=GND Pin=J4-39
Added Pin To Net: NetName=3V3 Pin=J4-40
