Add component: Footprint Not Found PCBComponent_1
Add component: Footprint Not Found PCBComponent_1
Add component: Footprint Not Found PCBComponent_1
Add component: Footprint Not Found PCBComponent_1
Add component: Footprint Not Found PCBComponent_1
Add component: Footprint Not Found PCBComponent_1
Add component: Footprint Not Found PCBComponent_1
Add component: Footprint Not Found PCBComponent_1
Add component: Footprint Not Found PCBComponent_1
Add component: Footprint Not Found PCBComponent_1
Add component: Footprint Not Found PCBComponent_1
Add component: Footprint Not Found PCBComponent_1
Add component: Footprint Not Found PCBComponent_1
Add component: Footprint Not Found PCBComponent_1
Add component: Footprint Not Found PCBComponent_1
Add component: Footprint Not Found PCBComponent_1
Add component: Footprint Not Found PCBComponent_1
Add component: Footprint Not Found PCBComponent_1
Add component: Footprint Not Found PCBComponent_1
Add component: Footprint Not Found PCBComponent_1
Add component: Footprint Not Found PCBComponent_1
Add component: Footprint Not Found PCBComponent_1
Add component: Footprint Not Found PCBComponent_1
Add component: Footprint Not Found PCBComponent_1
Add component: Footprint Not Found PCBComponent_1
Add component: Footprint Not Found PCBComponent_1
Add component: Footprint Not Found PCBComponent_1
Add component: Footprint Not Found PCBComponent_1
Add component: Footprint Not Found PCBComponent_1
Add component: Footprint Not Found PCBComponent_1
Add component: Footprint Not Found PCBComponent_1
Add component: Footprint Not Found PCBComponent_1
Add component: Footprint Not Found CONN_FPC_2X18_0MM5
Added Net: Name=GND
Added Net: Name=Input1
Added Net: Name=Input2
Added Net: Name=Input3
Added Net: Name=Input4
Added Net: Name=Input5
Added Net: Name=Input6
Added Net: Name=Input7
Added Net: Name=Input8
Added Net: Name=Input9
Added Net: Name=Input10
Added Net: Name=Input11
Added Net: Name=Input12
Added Net: Name=Input13
Added Net: Name=Input14
Added Net: Name=Input15
Added Net: Name=Input16
Added Net: Name=Input17
Added Net: Name=Input18
Added Net: Name=Input19
Added Net: Name=Input20
Added Net: Name=Input21
Added Net: Name=Input22
Added Net: Name=Input23
Added Net: Name=Input24
Added Net: Name=Input25
Added Net: Name=Input26
Added Net: Name=Input27
Added Net: Name=Input28
Added Net: Name=Input29
Added Net: Name=Input30
Added Net: Name=Input31
Added Net: Name=Input32
Added Class: Name=Main
Added Rule: Name=Schematic Supply Nets
